   Compiling herding-cats-rust v0.50.0 (/Users/rkt/Documents/Herding-Cats-Rust)
warning: herding-cats-rust@0.50.0: Found 26 Slint files to compile
warning: herding-cats-rust@0.50.0: Processing: src/ui/codex_window.slint
warning: herding-cats-rust@0.50.0: Processing: src/ui/styles.slint
warning: herding-cats-rust@0.50.0: Processing: src/ui/font_manager_ui.slint
warning: herding-cats-rust@0.50.0: Processing: src/ui/project_selector.slint
warning: herding-cats-rust@0.50.0: Processing: src/ui/main_window_comprehensive.slint
warning: herding-cats-rust@0.50.0: Processing: src/ui/hierarchy_window.slint
warning: herding-cats-rust@0.50.0: Processing: src/ui/components/status_bar.slint
warning: herding-cats-rust@0.50.0: Processing: src/ui/components/ai_settings_popup.slint
warning: herding-cats-rust@0.50.0: Processing: src/ui/components/menu_dropdowns.slint
warning: herding-cats-rust@0.50.0: Processing: src/ui/components/menu_button.slint
warning: herding-cats-rust@0.50.0: Processing: src/ui/components/menu_bar.slint
warning: herding-cats-rust@0.50.0: Processing: src/ui/components/title_bar.slint
warning: herding-cats-rust@0.50.0: Processing: src/ui/components/toolbar_button.slint
warning: herding-cats-rust@0.50.0: Processing: src/ui/components/ribbon_toolbar.slint
warning: herding-cats-rust@0.50.0: Processing: src/ui/components/document_editor.slint
warning: herding-cats-rust@0.50.0: Processing: src/ui/writing_tools/structure_tool.slint
warning: herding-cats-rust@0.50.0: Processing: src/ui/writing_tools/brainstorming_tool.slint
warning: herding-cats-rust@0.50.0: Processing: src/ui/writing_tools/hierarchy_tool.slint
warning: herding-cats-rust@0.50.0: Processing: src/ui/writing_tools/research_tool.slint
warning: herding-cats-rust@0.50.0: Processing: src/ui/writing_tools/codex_tool.slint
warning: herding-cats-rust@0.50.0: Processing: src/ui/writing_tools/plot_tool.slint
warning: herding-cats-rust@0.50.0: Processing: src/ui/writing_tools/analysis_tool.slint
warning: herding-cats-rust@0.50.0: Processing: src/ui/writing_tools/notes_tool.slint
warning: herding-cats-rust@0.50.0: Processing: src/ui/writing_tools_enhanced.slint
warning: herding-cats-rust@0.50.0: Processing: src/ui/all_modules.slint
warning: herding-cats-rust@0.50.0: Processing: src/ui/universal_tools_ui.slint
warning: herding-cats-rust@0.50.0: Slint files detected - compilation will be handled by slint macros
warning: herding-cats-rust@0.50.0: padding only has effect on layout elements
warning: herding-cats-rust@0.50.0:    --> /Users/rkt/Documents/Herding-Cats-Rust/src/ui/writing_tools/analysis_tool.slint:102:26
warning: herding-cats-rust@0.50.0:     |
warning: herding-cats-rust@0.50.0: 102 |                 padding: 10px;
warning: herding-cats-rust@0.50.0:     |                          ^
warning: herding-cats-rust@0.50.0: padding only has effect on layout elements
warning: herding-cats-rust@0.50.0:    --> /Users/rkt/Documents/Herding-Cats-Rust/src/ui/writing_tools/analysis_tool.slint:129:26
warning: herding-cats-rust@0.50.0:     |
warning: herding-cats-rust@0.50.0: 129 |                 padding: 10px;
warning: herding-cats-rust@0.50.0:     |                          ^
warning: herding-cats-rust@0.50.0: padding only has effect on layout elements
warning: herding-cats-rust@0.50.0:    --> /Users/rkt/Documents/Herding-Cats-Rust/src/ui/writing_tools/analysis_tool.slint:156:26
warning: herding-cats-rust@0.50.0:     |
warning: herding-cats-rust@0.50.0: 156 |                 padding: 10px;
warning: herding-cats-rust@0.50.0:     |                          ^
warning: herding-cats-rust@0.50.0: padding only has effect on layout elements
warning: herding-cats-rust@0.50.0:    --> /Users/rkt/Documents/Herding-Cats-Rust/src/ui/writing_tools/analysis_tool.slint:183:26
warning: herding-cats-rust@0.50.0:     |
warning: herding-cats-rust@0.50.0: 183 |                 padding: 10px;
warning: herding-cats-rust@0.50.0:     |                          ^
warning: herding-cats-rust@0.50.0: padding only has effect on layout elements
warning: herding-cats-rust@0.50.0:    --> /Users/rkt/Documents/Herding-Cats-Rust/src/ui/writing_tools/brainstorming_tool.slint:147:34
warning: herding-cats-rust@0.50.0:     |
warning: herding-cats-rust@0.50.0: 147 |                         padding: 12px;
warning: herding-cats-rust@0.50.0:     |                                  ^
warning: herding-cats-rust@0.50.0: padding only has effect on layout elements
warning: herding-cats-rust@0.50.0:    --> /Users/rkt/Documents/Herding-Cats-Rust/src/ui/writing_tools/brainstorming_tool.slint:202:34
warning: herding-cats-rust@0.50.0:     |
warning: herding-cats-rust@0.50.0: 202 |                         padding: 12px;
warning: herding-cats-rust@0.50.0:     |                                  ^
warning: herding-cats-rust@0.50.0: padding only has effect on layout elements
warning: herding-cats-rust@0.50.0:    --> /Users/rkt/Documents/Herding-Cats-Rust/src/ui/writing_tools/brainstorming_tool.slint:249:34
warning: herding-cats-rust@0.50.0:     |
warning: herding-cats-rust@0.50.0: 249 |                         padding: 12px;
warning: herding-cats-rust@0.50.0:     |                                  ^
warning: herding-cats-rust@0.50.0: padding only has effect on layout elements
warning: herding-cats-rust@0.50.0:    --> /Users/rkt/Documents/Herding-Cats-Rust/src/ui/writing_tools/brainstorming_tool.slint:296:34
warning: herding-cats-rust@0.50.0:     |
warning: herding-cats-rust@0.50.0: 296 |                         padding: 12px;
warning: herding-cats-rust@0.50.0:     |                                  ^
warning: herding-cats-rust@0.50.0: padding only has effect on layout elements
warning: herding-cats-rust@0.50.0:    --> /Users/rkt/Documents/Herding-Cats-Rust/src/ui/writing_tools/brainstorming_tool.slint:343:34
warning: herding-cats-rust@0.50.0:     |
warning: herding-cats-rust@0.50.0: 343 |                         padding: 12px;
warning: herding-cats-rust@0.50.0:     |                                  ^
warning: herding-cats-rust@0.50.0: padding only has effect on layout elements
warning: herding-cats-rust@0.50.0:    --> /Users/rkt/Documents/Herding-Cats-Rust/src/ui/writing_tools/brainstorming_tool.slint:392:26
warning: herding-cats-rust@0.50.0:     |
warning: herding-cats-rust@0.50.0: 392 |                 padding: 15px;
warning: herding-cats-rust@0.50.0:     |                          ^
warning: herding-cats-rust@0.50.0: padding only has effect on layout elements
warning: herding-cats-rust@0.50.0:    --> /Users/rkt/Documents/Herding-Cats-Rust/src/ui/writing_tools/brainstorming_tool.slint:477:26
warning: herding-cats-rust@0.50.0:     |
warning: herding-cats-rust@0.50.0: 477 |                 padding: 10px;
warning: herding-cats-rust@0.50.0:     |                          ^
warning: herding-cats-rust@0.50.0: padding only has effect on layout elements
warning: herding-cats-rust@0.50.0:    --> /Users/rkt/Documents/Herding-Cats-Rust/src/ui/codex_window.slint:159:34
warning: herding-cats-rust@0.50.0:     |
warning: herding-cats-rust@0.50.0: 159 |                         padding: 15px;
warning: herding-cats-rust@0.50.0:     |                                  ^
warning: herding-cats-rust@0.50.0: padding only has effect on layout elements
warning: herding-cats-rust@0.50.0:    --> /Users/rkt/Documents/Herding-Cats-Rust/src/ui/codex_window.slint:222:34
warning: herding-cats-rust@0.50.0:     |
warning: herding-cats-rust@0.50.0: 222 |                         padding: 15px;
warning: herding-cats-rust@0.50.0:     |                                  ^
warning: herding-cats-rust@0.50.0: padding only has effect on layout elements
warning: herding-cats-rust@0.50.0:    --> /Users/rkt/Documents/Herding-Cats-Rust/src/ui/hierarchy_window.slint:130:34
warning: herding-cats-rust@0.50.0:     |
warning: herding-cats-rust@0.50.0: 130 |                         padding: 12px;
warning: herding-cats-rust@0.50.0:     |                                  ^
warning: herding-cats-rust@0.50.0: padding only has effect on layout elements
warning: herding-cats-rust@0.50.0:    --> /Users/rkt/Documents/Herding-Cats-Rust/src/ui/hierarchy_window.slint:166:34
warning: herding-cats-rust@0.50.0:     |
warning: herding-cats-rust@0.50.0: 166 |                         padding: 12px;
warning: herding-cats-rust@0.50.0:     |                                  ^
warning: herding-cats-rust@0.50.0: padding only has effect on layout elements
warning: herding-cats-rust@0.50.0:    --> /Users/rkt/Documents/Herding-Cats-Rust/src/ui/hierarchy_window.slint:202:34
warning: herding-cats-rust@0.50.0:     |
warning: herding-cats-rust@0.50.0: 202 |                         padding: 12px;
warning: herding-cats-rust@0.50.0:     |                                  ^
warning: herding-cats-rust@0.50.0: padding only has effect on layout elements
warning: herding-cats-rust@0.50.0:    --> /Users/rkt/Documents/Herding-Cats-Rust/src/ui/writing_tools/notes_tool.slint:153:26
warning: herding-cats-rust@0.50.0:     |
warning: herding-cats-rust@0.50.0: 153 |                 padding: 8px;
warning: herding-cats-rust@0.50.0:     |                          ^
warning: herding-cats-rust@0.50.0: padding only has effect on layout elements
warning: herding-cats-rust@0.50.0:    --> /Users/rkt/Documents/Herding-Cats-Rust/src/ui/writing_tools/research_tool.slint:118:30
warning: herding-cats-rust@0.50.0:     |
warning: herding-cats-rust@0.50.0: 118 |                     padding: 12px;
warning: herding-cats-rust@0.50.0:     |                              ^
warning: herding-cats-rust@0.50.0: padding only has effect on layout elements
warning: herding-cats-rust@0.50.0:    --> /Users/rkt/Documents/Herding-Cats-Rust/src/ui/writing_tools/research_tool.slint:156:30
warning: herding-cats-rust@0.50.0:     |
warning: herding-cats-rust@0.50.0: 156 |                     padding: 12px;
warning: herding-cats-rust@0.50.0:     |                              ^
warning: herding-cats-rust@0.50.0: padding only has effect on layout elements
warning: herding-cats-rust@0.50.0:    --> /Users/rkt/Documents/Herding-Cats-Rust/src/ui/writing_tools/structure_tool.slint:100:22
warning: herding-cats-rust@0.50.0:     |
warning: herding-cats-rust@0.50.0: 100 |             padding: 12px;
warning: herding-cats-rust@0.50.0:     |                      ^
warning: herding-cats-rust@0.50.0: padding only has effect on layout elements
warning: herding-cats-rust@0.50.0:    --> /Users/rkt/Documents/Herding-Cats-Rust/src/ui/writing_tools/structure_tool.slint:127:30
warning: herding-cats-rust@0.50.0:     |
warning: herding-cats-rust@0.50.0: 127 |                     padding: 12px;
warning: herding-cats-rust@0.50.0:     |                              ^
warning: herding-cats-rust@0.50.0: padding only has effect on layout elements
warning: herding-cats-rust@0.50.0:    --> /Users/rkt/Documents/Herding-Cats-Rust/src/ui/writing_tools/structure_tool.slint:165:30
warning: herding-cats-rust@0.50.0:     |
warning: herding-cats-rust@0.50.0: 165 |                     padding: 12px;
warning: herding-cats-rust@0.50.0:     |                              ^
error: Unknown type 'SlintThemeColors'
  --> src/ui/tools/individual_tool_windows.rs:29:28
   |
29 |         callback set_theme(SlintThemeColors);
   |                            ^^^^^^^^^^^^^^^^

error: Cannot access id 'Theme'
  --> src/ui/tools/individual_tool_windows.rs:31:13
   |
31 |             Theme.primary-bg = c.primary-bg;
   |             ^^^^^

error: Cannot access the field 'primary-bg' of <error>
  --> src/ui/tools/individual_tool_windows.rs:31:34
   |
31 |             Theme.primary-bg = c.primary-bg;
   |                                  ^^^^^^^

error: Cannot access id 'Theme'
  --> src/ui/tools/individual_tool_windows.rs:32:13
   |
32 |             Theme.secondary-bg = c.secondary-bg;
   |             ^^^^^

error: Cannot access the field 'secondary-bg' of <error>
  --> src/ui/tools/individual_tool_windows.rs:32:36
   |
32 |             Theme.secondary-bg = c.secondary-bg;
   |                                    ^^^^^^^^^

error: Cannot access id 'Theme'
  --> src/ui/tools/individual_tool_windows.rs:33:13
   |
33 |             Theme.accent = c.accent;
   |             ^^^^^

error: Cannot access the field 'accent' of <error>
  --> src/ui/tools/individual_tool_windows.rs:33:30
   |
33 |             Theme.accent = c.accent;
   |                              ^^^^^^

error: Cannot access id 'Theme'
  --> src/ui/tools/individual_tool_windows.rs:34:13
   |
34 |             Theme.text-primary = c.text-primary;
   |             ^^^^^

error: Cannot access the field 'text-primary' of <error>
  --> src/ui/tools/individual_tool_windows.rs:34:36
   |
34 |             Theme.text-primary = c.text-primary;
   |                                    ^^^^

error: Cannot access id 'Theme'
  --> src/ui/tools/individual_tool_windows.rs:35:13
   |
35 |             Theme.text-secondary = c.text-secondary;
   |             ^^^^^

error: Cannot access the field 'text-secondary' of <error>
  --> src/ui/tools/individual_tool_windows.rs:35:38
   |
35 |             Theme.text-secondary = c.text-secondary;
   |                                      ^^^^

error: Cannot access id 'Theme'
  --> src/ui/tools/individual_tool_windows.rs:36:13
   |
36 |             Theme.border = c.border;
   |             ^^^^^

error: Cannot access the field 'border' of <error>
  --> src/ui/tools/individual_tool_windows.rs:36:30
   |
36 |             Theme.border = c.border;
   |                              ^^^^^^

error: Cannot access id 'Theme'
  --> src/ui/tools/individual_tool_windows.rs:37:13
   |
37 |             Theme.menu-bg = c.menu-bg;
   |             ^^^^^

error: Cannot access the field 'menu-bg' of <error>
  --> src/ui/tools/individual_tool_windows.rs:37:31
   |
37 |             Theme.menu-bg = c.menu-bg;
   |                               ^^^^

error: Cannot access id 'Theme'
  --> src/ui/tools/individual_tool_windows.rs:38:13
   |
38 |             Theme.toolbar-bg = c.toolbar-bg;
   |             ^^^^^

error: Cannot access the field 'toolbar-bg' of <error>
  --> src/ui/tools/individual_tool_windows.rs:38:34
   |
38 |             Theme.toolbar-bg = c.toolbar-bg;
   |                                  ^^^^^^^

error: Cannot access id 'Theme'
  --> src/ui/tools/individual_tool_windows.rs:39:13
   |
39 |             Theme.status-bg = c.status-bg;
   |             ^^^^^

error: Cannot access the field 'status-bg' of <error>
  --> src/ui/tools/individual_tool_windows.rs:39:33
   |
39 |             Theme.status-bg = c.status-bg;
   |                                 ^^^^^^

error: Cannot access id 'Theme'
  --> src/ui/tools/individual_tool_windows.rs:40:13
   |
40 |             Theme.editor-bg = c.editor-bg;
   |             ^^^^^

error: Cannot access the field 'editor-bg' of <error>
  --> src/ui/tools/individual_tool_windows.rs:40:33
   |
40 |             Theme.editor-bg = c.editor-bg;
   |                                 ^^^^^^

error: Cannot access id 'Theme'
  --> src/ui/tools/individual_tool_windows.rs:41:13
   |
41 |             Theme.title-bg = c.title-bg;
   |             ^^^^^

error: Cannot access the field 'title-bg' of <error>
  --> src/ui/tools/individual_tool_windows.rs:41:32
   |
41 |             Theme.title-bg = c.title-bg;
   |                                ^^^^^

error: Cannot access id 'Theme'
  --> src/ui/tools/individual_tool_windows.rs:42:13
   |
42 |             Theme.ribbon-bg = c.ribbon-bg;
   |             ^^^^^

error: Cannot access the field 'ribbon-bg' of <error>
  --> src/ui/tools/individual_tool_windows.rs:42:33
   |
42 |             Theme.ribbon-bg = c.ribbon-bg;
   |                                 ^^^^^^

error: Cannot access id 'Theme'
  --> src/ui/tools/individual_tool_windows.rs:43:13
   |
43 |             Theme.dropdown-bg = c.dropdown-bg;
   |             ^^^^^

error: Cannot access the field 'dropdown-bg' of <error>
  --> src/ui/tools/individual_tool_windows.rs:43:35
   |
43 |             Theme.dropdown-bg = c.dropdown-bg;
   |                                   ^^^^^^^^

error: Cannot access id 'Theme'
  --> src/ui/tools/individual_tool_windows.rs:55:29
   |
55 |                 background: Theme.menu-bg;
   |                             ^^^^^

error: Cannot access id 'Theme'
  --> src/ui/tools/individual_tool_windows.rs:64:37
   |
64 |                         background: Theme.status-bg;
   |                                     ^^^^^

error: Cannot access id 'Theme'
  --> src/ui/tools/individual_tool_windows.rs:89:37
   |
89 |                         background: Theme.status-bg;
   |                                     ^^^^^

error: Cannot access id 'Theme'
   --> src/ui/tools/individual_tool_windows.rs:116:32
    |
116 |                         color: Theme.text-primary;
    |                                ^^^^^

error: Cannot access id 'Theme'
   --> src/ui/tools/individual_tool_windows.rs:125:29
    |
125 |                 background: Theme.primary-bg;
    |                             ^^^^^

error: Unknown type 'SlintThemeColors'
   --> src/ui/tools/individual_tool_windows.rs:167:28
    |
167 |         callback set_theme(SlintThemeColors);
    |                            ^^^^^^^^^^^^^^^^

error: Cannot access id 'Theme'
   --> src/ui/tools/individual_tool_windows.rs:169:13
    |
169 |             Theme.primary-bg = c.primary-bg;
    |             ^^^^^

error: Cannot access the field 'primary-bg' of <error>
   --> src/ui/tools/individual_tool_windows.rs:169:34
    |
169 |             Theme.primary-bg = c.primary-bg;
    |                                  ^^^^^^^

error: Cannot access id 'Theme'
   --> src/ui/tools/individual_tool_windows.rs:170:13
    |
170 |             Theme.secondary-bg = c.secondary-bg;
    |             ^^^^^

error: Cannot access the field 'secondary-bg' of <error>
   --> src/ui/tools/individual_tool_windows.rs:170:36
    |
170 |             Theme.secondary-bg = c.secondary-bg;
    |                                    ^^^^^^^^^

error: Cannot access id 'Theme'
   --> src/ui/tools/individual_tool_windows.rs:171:13
    |
171 |             Theme.accent = c.accent;
    |             ^^^^^

error: Cannot access the field 'accent' of <error>
   --> src/ui/tools/individual_tool_windows.rs:171:30
    |
171 |             Theme.accent = c.accent;
    |                              ^^^^^^

error: Cannot access id 'Theme'
   --> src/ui/tools/individual_tool_windows.rs:172:13
    |
172 |             Theme.text-primary = c.text-primary;
    |             ^^^^^

error: Cannot access the field 'text-primary' of <error>
   --> src/ui/tools/individual_tool_windows.rs:172:36
    |
172 |             Theme.text-primary = c.text-primary;
    |                                    ^^^^

error: Cannot access id 'Theme'
   --> src/ui/tools/individual_tool_windows.rs:173:13
    |
173 |             Theme.text-secondary = c.text-secondary;
    |             ^^^^^

error: Cannot access the field 'text-secondary' of <error>
   --> src/ui/tools/individual_tool_windows.rs:173:38
    |
173 |             Theme.text-secondary = c.text-secondary;
    |                                      ^^^^

error: Cannot access id 'Theme'
   --> src/ui/tools/individual_tool_windows.rs:174:13
    |
174 |             Theme.border = c.border;
    |             ^^^^^

error: Cannot access the field 'border' of <error>
   --> src/ui/tools/individual_tool_windows.rs:174:30
    |
174 |             Theme.border = c.border;
    |                              ^^^^^^

error: Cannot access id 'Theme'
   --> src/ui/tools/individual_tool_windows.rs:175:13
    |
175 |             Theme.menu-bg = c.menu-bg;
    |             ^^^^^

error: Cannot access the field 'menu-bg' of <error>
   --> src/ui/tools/individual_tool_windows.rs:175:31
    |
175 |             Theme.menu-bg = c.menu-bg;
    |                               ^^^^

error: Cannot access id 'Theme'
   --> src/ui/tools/individual_tool_windows.rs:176:13
    |
176 |             Theme.toolbar-bg = c.toolbar-bg;
    |             ^^^^^

error: Cannot access the field 'toolbar-bg' of <error>
   --> src/ui/tools/individual_tool_windows.rs:176:34
    |
176 |             Theme.toolbar-bg = c.toolbar-bg;
    |                                  ^^^^^^^

error: Cannot access id 'Theme'
   --> src/ui/tools/individual_tool_windows.rs:177:13
    |
177 |             Theme.status-bg = c.status-bg;
    |             ^^^^^

error: Cannot access the field 'status-bg' of <error>
   --> src/ui/tools/individual_tool_windows.rs:177:33
    |
177 |             Theme.status-bg = c.status-bg;
    |                                 ^^^^^^

error: Cannot access id 'Theme'
   --> src/ui/tools/individual_tool_windows.rs:178:13
    |
178 |             Theme.editor-bg = c.editor-bg;
    |             ^^^^^

error: Cannot access the field 'editor-bg' of <error>
   --> src/ui/tools/individual_tool_windows.rs:178:33
    |
178 |             Theme.editor-bg = c.editor-bg;
    |                                 ^^^^^^

error: Cannot access id 'Theme'
   --> src/ui/tools/individual_tool_windows.rs:179:13
    |
179 |             Theme.title-bg = c.title-bg;
    |             ^^^^^

error: Cannot access the field 'title-bg' of <error>
   --> src/ui/tools/individual_tool_windows.rs:179:32
    |
179 |             Theme.title-bg = c.title-bg;
    |                                ^^^^^

error: Cannot access id 'Theme'
   --> src/ui/tools/individual_tool_windows.rs:180:13
    |
180 |             Theme.ribbon-bg = c.ribbon-bg;
    |             ^^^^^

error: Cannot access the field 'ribbon-bg' of <error>
   --> src/ui/tools/individual_tool_windows.rs:180:33
    |
180 |             Theme.ribbon-bg = c.ribbon-bg;
    |                                 ^^^^^^

error: Cannot access id 'Theme'
   --> src/ui/tools/individual_tool_windows.rs:181:13
    |
181 |             Theme.dropdown-bg = c.dropdown-bg;
    |             ^^^^^

error: Cannot access the field 'dropdown-bg' of <error>
   --> src/ui/tools/individual_tool_windows.rs:181:35
    |
181 |             Theme.dropdown-bg = c.dropdown-bg;
    |                                   ^^^^^^^^

error: Cannot access id 'Theme'
   --> src/ui/tools/individual_tool_windows.rs:193:29
    |
193 |                 background: Theme.menu-bg;
    |                             ^^^^^

error: Cannot access id 'Theme'
   --> src/ui/tools/individual_tool_windows.rs:202:37
    |
202 |                         background: Theme.status-bg;
    |                                     ^^^^^

error: Cannot access id 'Theme'
   --> src/ui/tools/individual_tool_windows.rs:227:37
    |
227 |                         background: Theme.status-bg;
    |                                     ^^^^^

error: Cannot access id 'Theme'
   --> src/ui/tools/individual_tool_windows.rs:254:32
    |
254 |                         color: Theme.text-primary;
    |                                ^^^^^

error: Cannot access id 'Theme'
   --> src/ui/tools/individual_tool_windows.rs:263:29
    |
263 |                 background: Theme.primary-bg;
    |                             ^^^^^

error: Unknown type 'SlintThemeColors'
   --> src/ui/tools/individual_tool_windows.rs:305:28
    |
305 |         callback set_theme(SlintThemeColors);
    |                            ^^^^^^^^^^^^^^^^

error: Cannot access id 'Theme'
   --> src/ui/tools/individual_tool_windows.rs:307:13
    |
307 |             Theme.primary-bg = c.primary-bg;
    |             ^^^^^

error: Cannot access the field 'primary-bg' of <error>
   --> src/ui/tools/individual_tool_windows.rs:307:34
    |
307 |             Theme.primary-bg = c.primary-bg;
    |                                  ^^^^^^^

error: Cannot access id 'Theme'
   --> src/ui/tools/individual_tool_windows.rs:308:13
    |
308 |             Theme.secondary-bg = c.secondary-bg;
    |             ^^^^^

error: Cannot access the field 'secondary-bg' of <error>
   --> src/ui/tools/individual_tool_windows.rs:308:36
    |
308 |             Theme.secondary-bg = c.secondary-bg;
    |                                    ^^^^^^^^^

error: Cannot access id 'Theme'
   --> src/ui/tools/individual_tool_windows.rs:309:13
    |
309 |             Theme.accent = c.accent;
    |             ^^^^^

error: Cannot access the field 'accent' of <error>
   --> src/ui/tools/individual_tool_windows.rs:309:30
    |
309 |             Theme.accent = c.accent;
    |                              ^^^^^^

error: Cannot access id 'Theme'
   --> src/ui/tools/individual_tool_windows.rs:310:13
    |
310 |             Theme.text-primary = c.text-primary;
    |             ^^^^^

error: Cannot access the field 'text-primary' of <error>
   --> src/ui/tools/individual_tool_windows.rs:310:36
    |
310 |             Theme.text-primary = c.text-primary;
    |                                    ^^^^

error: Cannot access id 'Theme'
   --> src/ui/tools/individual_tool_windows.rs:311:13
    |
311 |             Theme.text-secondary = c.text-secondary;
    |             ^^^^^

error: Cannot access the field 'text-secondary' of <error>
   --> src/ui/tools/individual_tool_windows.rs:311:38
    |
311 |             Theme.text-secondary = c.text-secondary;
    |                                      ^^^^

error: Cannot access id 'Theme'
   --> src/ui/tools/individual_tool_windows.rs:312:13
    |
312 |             Theme.border = c.border;
    |             ^^^^^

error: Cannot access the field 'border' of <error>
   --> src/ui/tools/individual_tool_windows.rs:312:30
    |
312 |             Theme.border = c.border;
    |                              ^^^^^^

error: Cannot access id 'Theme'
   --> src/ui/tools/individual_tool_windows.rs:313:13
    |
313 |             Theme.menu-bg = c.menu-bg;
    |             ^^^^^

error: Cannot access the field 'menu-bg' of <error>
   --> src/ui/tools/individual_tool_windows.rs:313:31
    |
313 |             Theme.menu-bg = c.menu-bg;
    |                               ^^^^

error: Cannot access id 'Theme'
   --> src/ui/tools/individual_tool_windows.rs:314:13
    |
314 |             Theme.toolbar-bg = c.toolbar-bg;
    |             ^^^^^

error: Cannot access the field 'toolbar-bg' of <error>
   --> src/ui/tools/individual_tool_windows.rs:314:34
    |
314 |             Theme.toolbar-bg = c.toolbar-bg;
    |                                  ^^^^^^^

error: Cannot access id 'Theme'
   --> src/ui/tools/individual_tool_windows.rs:315:13
    |
315 |             Theme.status-bg = c.status-bg;
    |             ^^^^^

error: Cannot access the field 'status-bg' of <error>
   --> src/ui/tools/individual_tool_windows.rs:315:33
    |
315 |             Theme.status-bg = c.status-bg;
    |                                 ^^^^^^

error: Cannot access id 'Theme'
   --> src/ui/tools/individual_tool_windows.rs:316:13
    |
316 |             Theme.editor-bg = c.editor-bg;
    |             ^^^^^

error: Cannot access the field 'editor-bg' of <error>
   --> src/ui/tools/individual_tool_windows.rs:316:33
    |
316 |             Theme.editor-bg = c.editor-bg;
    |                                 ^^^^^^

error: Cannot access id 'Theme'
   --> src/ui/tools/individual_tool_windows.rs:317:13
    |
317 |             Theme.title-bg = c.title-bg;
    |             ^^^^^

error: Cannot access the field 'title-bg' of <error>
   --> src/ui/tools/individual_tool_windows.rs:317:32
    |
317 |             Theme.title-bg = c.title-bg;
    |                                ^^^^^

error: Cannot access id 'Theme'
   --> src/ui/tools/individual_tool_windows.rs:318:13
    |
318 |             Theme.ribbon-bg = c.ribbon-bg;
    |             ^^^^^

error: Cannot access the field 'ribbon-bg' of <error>
   --> src/ui/tools/individual_tool_windows.rs:318:33
    |
318 |             Theme.ribbon-bg = c.ribbon-bg;
    |                                 ^^^^^^

error: Cannot access id 'Theme'
   --> src/ui/tools/individual_tool_windows.rs:319:13
    |
319 |             Theme.dropdown-bg = c.dropdown-bg;
    |             ^^^^^

error: Cannot access the field 'dropdown-bg' of <error>
   --> src/ui/tools/individual_tool_windows.rs:319:35
    |
319 |             Theme.dropdown-bg = c.dropdown-bg;
    |                                   ^^^^^^^^

error: Cannot access id 'Theme'
   --> src/ui/tools/individual_tool_windows.rs:331:29
    |
331 |                 background: Theme.menu-bg;
    |                             ^^^^^

error: Cannot access id 'Theme'
   --> src/ui/tools/individual_tool_windows.rs:340:37
    |
340 |                         background: Theme.status-bg;
    |                                     ^^^^^

error: Cannot access id 'Theme'
   --> src/ui/tools/individual_tool_windows.rs:365:37
    |
365 |                         background: Theme.status-bg;
    |                                     ^^^^^

error: Cannot access id 'Theme'
   --> src/ui/tools/individual_tool_windows.rs:392:32
    |
392 |                         color: Theme.text-primary;
    |                                ^^^^^

error: Cannot access id 'Theme'
   --> src/ui/tools/individual_tool_windows.rs:401:29
    |
401 |                 background: Theme.primary-bg;
    |                             ^^^^^

error: Unknown type 'SlintThemeColors'
   --> src/ui/tools/individual_tool_windows.rs:444:28
    |
444 |         callback set_theme(SlintThemeColors);
    |                            ^^^^^^^^^^^^^^^^

error: Cannot access id 'Theme'
   --> src/ui/tools/individual_tool_windows.rs:446:13
    |
446 |             Theme.primary-bg = c.primary-bg;
    |             ^^^^^

error: Cannot access the field 'primary-bg' of <error>
   --> src/ui/tools/individual_tool_windows.rs:446:34
    |
446 |             Theme.primary-bg = c.primary-bg;
    |                                  ^^^^^^^

error: Cannot access id 'Theme'
   --> src/ui/tools/individual_tool_windows.rs:447:13
    |
447 |             Theme.secondary-bg = c.secondary-bg;
    |             ^^^^^

error: Cannot access the field 'secondary-bg' of <error>
   --> src/ui/tools/individual_tool_windows.rs:447:36
    |
447 |             Theme.secondary-bg = c.secondary-bg;
    |                                    ^^^^^^^^^

error: Cannot access id 'Theme'
   --> src/ui/tools/individual_tool_windows.rs:448:13
    |
448 |             Theme.accent = c.accent;
    |             ^^^^^

error: Cannot access the field 'accent' of <error>
   --> src/ui/tools/individual_tool_windows.rs:448:30
    |
448 |             Theme.accent = c.accent;
    |                              ^^^^^^

error: Cannot access id 'Theme'
   --> src/ui/tools/individual_tool_windows.rs:449:13
    |
449 |             Theme.text-primary = c.text-primary;
    |             ^^^^^

error: Cannot access the field 'text-primary' of <error>
   --> src/ui/tools/individual_tool_windows.rs:449:36
    |
449 |             Theme.text-primary = c.text-primary;
    |                                    ^^^^

error: Cannot access id 'Theme'
   --> src/ui/tools/individual_tool_windows.rs:450:13
    |
450 |             Theme.text-secondary = c.text-secondary;
    |             ^^^^^

error: Cannot access the field 'text-secondary' of <error>
   --> src/ui/tools/individual_tool_windows.rs:450:38
    |
450 |             Theme.text-secondary = c.text-secondary;
    |                                      ^^^^

error: Cannot access id 'Theme'
   --> src/ui/tools/individual_tool_windows.rs:451:13
    |
451 |             Theme.border = c.border;
    |             ^^^^^

error: Cannot access the field 'border' of <error>
   --> src/ui/tools/individual_tool_windows.rs:451:30
    |
451 |             Theme.border = c.border;
    |                              ^^^^^^

error: Cannot access id 'Theme'
   --> src/ui/tools/individual_tool_windows.rs:452:13
    |
452 |             Theme.menu-bg = c.menu-bg;
    |             ^^^^^

error: Cannot access the field 'menu-bg' of <error>
   --> src/ui/tools/individual_tool_windows.rs:452:31
    |
452 |             Theme.menu-bg = c.menu-bg;
    |                               ^^^^

error: Cannot access id 'Theme'
   --> src/ui/tools/individual_tool_windows.rs:453:13
    |
453 |             Theme.toolbar-bg = c.toolbar-bg;
    |             ^^^^^

error: Cannot access the field 'toolbar-bg' of <error>
   --> src/ui/tools/individual_tool_windows.rs:453:34
    |
453 |             Theme.toolbar-bg = c.toolbar-bg;
    |                                  ^^^^^^^

error: Cannot access id 'Theme'
   --> src/ui/tools/individual_tool_windows.rs:454:13
    |
454 |             Theme.status-bg = c.status-bg;
    |             ^^^^^

error: Cannot access the field 'status-bg' of <error>
   --> src/ui/tools/individual_tool_windows.rs:454:33
    |
454 |             Theme.status-bg = c.status-bg;
    |                                 ^^^^^^

error: Cannot access id 'Theme'
   --> src/ui/tools/individual_tool_windows.rs:455:13
    |
455 |             Theme.editor-bg = c.editor-bg;
    |             ^^^^^

error: Cannot access the field 'editor-bg' of <error>
   --> src/ui/tools/individual_tool_windows.rs:455:33
    |
455 |             Theme.editor-bg = c.editor-bg;
    |                                 ^^^^^^

error: Cannot access id 'Theme'
   --> src/ui/tools/individual_tool_windows.rs:456:13
    |
456 |             Theme.title-bg = c.title-bg;
    |             ^^^^^

error: Cannot access the field 'title-bg' of <error>
   --> src/ui/tools/individual_tool_windows.rs:456:32
    |
456 |             Theme.title-bg = c.title-bg;
    |                                ^^^^^

error: Cannot access id 'Theme'
   --> src/ui/tools/individual_tool_windows.rs:457:13
    |
457 |             Theme.ribbon-bg = c.ribbon-bg;
    |             ^^^^^

error: Cannot access the field 'ribbon-bg' of <error>
   --> src/ui/tools/individual_tool_windows.rs:457:33
    |
457 |             Theme.ribbon-bg = c.ribbon-bg;
    |                                 ^^^^^^

error: Cannot access id 'Theme'
   --> src/ui/tools/individual_tool_windows.rs:458:13
    |
458 |             Theme.dropdown-bg = c.dropdown-bg;
    |             ^^^^^

error: Cannot access the field 'dropdown-bg' of <error>
   --> src/ui/tools/individual_tool_windows.rs:458:35
    |
458 |             Theme.dropdown-bg = c.dropdown-bg;
    |                                   ^^^^^^^^

error: Cannot access id 'Theme'
   --> src/ui/tools/individual_tool_windows.rs:470:29
    |
470 |                 background: Theme.menu-bg;
    |                             ^^^^^

error: Cannot access id 'Theme'
   --> src/ui/tools/individual_tool_windows.rs:479:37
    |
479 |                         background: Theme.status-bg;
    |                                     ^^^^^

error: Cannot access id 'Theme'
   --> src/ui/tools/individual_tool_windows.rs:504:37
    |
504 |                         background: Theme.status-bg;
    |                                     ^^^^^

error: Cannot access id 'Theme'
   --> src/ui/tools/individual_tool_windows.rs:531:32
    |
531 |                         color: Theme.text-primary;
    |                                ^^^^^

error: Cannot access id 'Theme'
   --> src/ui/tools/individual_tool_windows.rs:540:29
    |
540 |                 background: Theme.primary-bg;
    |                             ^^^^^

error: Unknown type 'SlintThemeColors'
   --> src/ui/tools/individual_tool_windows.rs:583:28
    |
583 |         callback set_theme(SlintThemeColors);
    |                            ^^^^^^^^^^^^^^^^

error: Cannot access id 'Theme'
   --> src/ui/tools/individual_tool_windows.rs:585:13
    |
585 |             Theme.primary-bg = c.primary-bg;
    |             ^^^^^

error: Cannot access the field 'primary-bg' of <error>
   --> src/ui/tools/individual_tool_windows.rs:585:34
    |
585 |             Theme.primary-bg = c.primary-bg;
    |                                  ^^^^^^^

error: Cannot access id 'Theme'
   --> src/ui/tools/individual_tool_windows.rs:586:13
    |
586 |             Theme.secondary-bg = c.secondary-bg;
    |             ^^^^^

error: Cannot access the field 'secondary-bg' of <error>
   --> src/ui/tools/individual_tool_windows.rs:586:36
    |
586 |             Theme.secondary-bg = c.secondary-bg;
    |                                    ^^^^^^^^^

error: Cannot access id 'Theme'
   --> src/ui/tools/individual_tool_windows.rs:587:13
    |
587 |             Theme.accent = c.accent;
    |             ^^^^^

error: Cannot access the field 'accent' of <error>
   --> src/ui/tools/individual_tool_windows.rs:587:30
    |
587 |             Theme.accent = c.accent;
    |                              ^^^^^^

error: Cannot access id 'Theme'
   --> src/ui/tools/individual_tool_windows.rs:588:13
    |
588 |             Theme.text-primary = c.text-primary;
    |             ^^^^^

error: Cannot access the field 'text-primary' of <error>
   --> src/ui/tools/individual_tool_windows.rs:588:36
    |
588 |             Theme.text-primary = c.text-primary;
    |                                    ^^^^

error: Cannot access id 'Theme'
   --> src/ui/tools/individual_tool_windows.rs:589:13
    |
589 |             Theme.text-secondary = c.text-secondary;
    |             ^^^^^

error: Cannot access the field 'text-secondary' of <error>
   --> src/ui/tools/individual_tool_windows.rs:589:38
    |
589 |             Theme.text-secondary = c.text-secondary;
    |                                      ^^^^

error: Cannot access id 'Theme'
   --> src/ui/tools/individual_tool_windows.rs:590:13
    |
590 |             Theme.border = c.border;
    |             ^^^^^

error: Cannot access the field 'border' of <error>
   --> src/ui/tools/individual_tool_windows.rs:590:30
    |
590 |             Theme.border = c.border;
    |                              ^^^^^^

error: Cannot access id 'Theme'
   --> src/ui/tools/individual_tool_windows.rs:591:13
    |
591 |             Theme.menu-bg = c.menu-bg;
    |             ^^^^^

error: Cannot access the field 'menu-bg' of <error>
   --> src/ui/tools/individual_tool_windows.rs:591:31
    |
591 |             Theme.menu-bg = c.menu-bg;
    |                               ^^^^

error: Cannot access id 'Theme'
   --> src/ui/tools/individual_tool_windows.rs:592:13
    |
592 |             Theme.toolbar-bg = c.toolbar-bg;
    |             ^^^^^

error: Cannot access the field 'toolbar-bg' of <error>
   --> src/ui/tools/individual_tool_windows.rs:592:34
    |
592 |             Theme.toolbar-bg = c.toolbar-bg;
    |                                  ^^^^^^^

error: Cannot access id 'Theme'
   --> src/ui/tools/individual_tool_windows.rs:593:13
    |
593 |             Theme.status-bg = c.status-bg;
    |             ^^^^^

error: Cannot access the field 'status-bg' of <error>
   --> src/ui/tools/individual_tool_windows.rs:593:33
    |
593 |             Theme.status-bg = c.status-bg;
    |                                 ^^^^^^

error: Cannot access id 'Theme'
   --> src/ui/tools/individual_tool_windows.rs:594:13
    |
594 |             Theme.editor-bg = c.editor-bg;
    |             ^^^^^

error: Cannot access the field 'editor-bg' of <error>
   --> src/ui/tools/individual_tool_windows.rs:594:33
    |
594 |             Theme.editor-bg = c.editor-bg;
    |                                 ^^^^^^

error: Cannot access id 'Theme'
   --> src/ui/tools/individual_tool_windows.rs:595:13
    |
595 |             Theme.title-bg = c.title-bg;
    |             ^^^^^

error: Cannot access the field 'title-bg' of <error>
   --> src/ui/tools/individual_tool_windows.rs:595:32
    |
595 |             Theme.title-bg = c.title-bg;
    |                                ^^^^^

error: Cannot access id 'Theme'
   --> src/ui/tools/individual_tool_windows.rs:596:13
    |
596 |             Theme.ribbon-bg = c.ribbon-bg;
    |             ^^^^^

error: Cannot access the field 'ribbon-bg' of <error>
   --> src/ui/tools/individual_tool_windows.rs:596:33
    |
596 |             Theme.ribbon-bg = c.ribbon-bg;
    |                                 ^^^^^^

error: Cannot access id 'Theme'
   --> src/ui/tools/individual_tool_windows.rs:597:13
    |
597 |             Theme.dropdown-bg = c.dropdown-bg;
    |             ^^^^^

error: Cannot access the field 'dropdown-bg' of <error>
   --> src/ui/tools/individual_tool_windows.rs:597:35
    |
597 |             Theme.dropdown-bg = c.dropdown-bg;
    |                                   ^^^^^^^^

error: Cannot access id 'Theme'
   --> src/ui/tools/individual_tool_windows.rs:609:29
    |
609 |                 background: Theme.menu-bg;
    |                             ^^^^^

error: Cannot access id 'Theme'
   --> src/ui/tools/individual_tool_windows.rs:618:37
    |
618 |                         background: Theme.status-bg;
    |                                     ^^^^^

error: Cannot access id 'Theme'
   --> src/ui/tools/individual_tool_windows.rs:643:37
    |
643 |                         background: Theme.status-bg;
    |                                     ^^^^^

error: Cannot access id 'Theme'
   --> src/ui/tools/individual_tool_windows.rs:670:32
    |
670 |                         color: Theme.text-primary;
    |                                ^^^^^

error: Cannot access id 'Theme'
   --> src/ui/tools/individual_tool_windows.rs:679:29
    |
679 |                 background: Theme.primary-bg;
    |                             ^^^^^

error: Unknown type 'SlintThemeColors'
   --> src/ui/tools/individual_tool_windows.rs:722:28
    |
722 |         callback set_theme(SlintThemeColors);
    |                            ^^^^^^^^^^^^^^^^

error: Cannot access id 'Theme'
   --> src/ui/tools/individual_tool_windows.rs:724:13
    |
724 |             Theme.primary-bg = c.primary-bg;
    |             ^^^^^

error: Cannot access the field 'primary-bg' of <error>
   --> src/ui/tools/individual_tool_windows.rs:724:34
    |
724 |             Theme.primary-bg = c.primary-bg;
    |                                  ^^^^^^^

error: Cannot access id 'Theme'
   --> src/ui/tools/individual_tool_windows.rs:725:13
    |
725 |             Theme.secondary-bg = c.secondary-bg;
    |             ^^^^^

error: Cannot access the field 'secondary-bg' of <error>
   --> src/ui/tools/individual_tool_windows.rs:725:36
    |
725 |             Theme.secondary-bg = c.secondary-bg;
    |                                    ^^^^^^^^^

error: Cannot access id 'Theme'
   --> src/ui/tools/individual_tool_windows.rs:726:13
    |
726 |             Theme.accent = c.accent;
    |             ^^^^^

error: Cannot access the field 'accent' of <error>
   --> src/ui/tools/individual_tool_windows.rs:726:30
    |
726 |             Theme.accent = c.accent;
    |                              ^^^^^^

error: Cannot access id 'Theme'
   --> src/ui/tools/individual_tool_windows.rs:727:13
    |
727 |             Theme.text-primary = c.text-primary;
    |             ^^^^^

error: Cannot access the field 'text-primary' of <error>
   --> src/ui/tools/individual_tool_windows.rs:727:36
    |
727 |             Theme.text-primary = c.text-primary;
    |                                    ^^^^

error: Cannot access id 'Theme'
   --> src/ui/tools/individual_tool_windows.rs:728:13
    |
728 |             Theme.text-secondary = c.text-secondary;
    |             ^^^^^

error: Cannot access the field 'text-secondary' of <error>
   --> src/ui/tools/individual_tool_windows.rs:728:38
    |
728 |             Theme.text-secondary = c.text-secondary;
    |                                      ^^^^

error: Cannot access id 'Theme'
   --> src/ui/tools/individual_tool_windows.rs:729:13
    |
729 |             Theme.border = c.border;
    |             ^^^^^

error: Cannot access the field 'border' of <error>
   --> src/ui/tools/individual_tool_windows.rs:729:30
    |
729 |             Theme.border = c.border;
    |                              ^^^^^^

error: Cannot access id 'Theme'
   --> src/ui/tools/individual_tool_windows.rs:730:13
    |
730 |             Theme.menu-bg = c.menu-bg;
    |             ^^^^^

error: Cannot access the field 'menu-bg' of <error>
   --> src/ui/tools/individual_tool_windows.rs:730:31
    |
730 |             Theme.menu-bg = c.menu-bg;
    |                               ^^^^

error: Cannot access id 'Theme'
   --> src/ui/tools/individual_tool_windows.rs:731:13
    |
731 |             Theme.toolbar-bg = c.toolbar-bg;
    |             ^^^^^

error: Cannot access the field 'toolbar-bg' of <error>
   --> src/ui/tools/individual_tool_windows.rs:731:34
    |
731 |             Theme.toolbar-bg = c.toolbar-bg;
    |                                  ^^^^^^^

error: Cannot access id 'Theme'
   --> src/ui/tools/individual_tool_windows.rs:732:13
    |
732 |             Theme.status-bg = c.status-bg;
    |             ^^^^^

error: Cannot access the field 'status-bg' of <error>
   --> src/ui/tools/individual_tool_windows.rs:732:33
    |
732 |             Theme.status-bg = c.status-bg;
    |                                 ^^^^^^

error: Cannot access id 'Theme'
   --> src/ui/tools/individual_tool_windows.rs:733:13
    |
733 |             Theme.editor-bg = c.editor-bg;
    |             ^^^^^

error: Cannot access the field 'editor-bg' of <error>
   --> src/ui/tools/individual_tool_windows.rs:733:33
    |
733 |             Theme.editor-bg = c.editor-bg;
    |                                 ^^^^^^

error: Cannot access id 'Theme'
   --> src/ui/tools/individual_tool_windows.rs:734:13
    |
734 |             Theme.title-bg = c.title-bg;
    |             ^^^^^

error: Cannot access the field 'title-bg' of <error>
   --> src/ui/tools/individual_tool_windows.rs:734:32
    |
734 |             Theme.title-bg = c.title-bg;
    |                                ^^^^^

error: Cannot access id 'Theme'
   --> src/ui/tools/individual_tool_windows.rs:735:13
    |
735 |             Theme.ribbon-bg = c.ribbon-bg;
    |             ^^^^^

error: Cannot access the field 'ribbon-bg' of <error>
   --> src/ui/tools/individual_tool_windows.rs:735:33
    |
735 |             Theme.ribbon-bg = c.ribbon-bg;
    |                                 ^^^^^^

error: Cannot access id 'Theme'
   --> src/ui/tools/individual_tool_windows.rs:736:13
    |
736 |             Theme.dropdown-bg = c.dropdown-bg;
    |             ^^^^^

error: Cannot access the field 'dropdown-bg' of <error>
   --> src/ui/tools/individual_tool_windows.rs:736:35
    |
736 |             Theme.dropdown-bg = c.dropdown-bg;
    |                                   ^^^^^^^^

error: Cannot access id 'Theme'
   --> src/ui/tools/individual_tool_windows.rs:748:29
    |
748 |                 background: Theme.menu-bg;
    |                             ^^^^^

error: Cannot access id 'Theme'
   --> src/ui/tools/individual_tool_windows.rs:757:37
    |
757 |                         background: Theme.status-bg;
    |                                     ^^^^^

error: Cannot access id 'Theme'
   --> src/ui/tools/individual_tool_windows.rs:782:37
    |
782 |                         background: Theme.status-bg;
    |                                     ^^^^^

error: Cannot access id 'Theme'
   --> src/ui/tools/individual_tool_windows.rs:809:32
    |
809 |                         color: Theme.text-primary;
    |                                ^^^^^

error: Cannot access id 'Theme'
   --> src/ui/tools/individual_tool_windows.rs:818:29
    |
818 |                 background: Theme.primary-bg;
    |                             ^^^^^

error: Unknown type 'SlintThemeColors'
   --> src/ui/tools/individual_tool_windows.rs:860:28
    |
860 |         callback set_theme(SlintThemeColors);
    |                            ^^^^^^^^^^^^^^^^

error: Cannot access id 'Theme'
   --> src/ui/tools/individual_tool_windows.rs:862:13
    |
862 |             Theme.primary-bg = c.primary-bg;
    |             ^^^^^

error: Cannot access the field 'primary-bg' of <error>
   --> src/ui/tools/individual_tool_windows.rs:862:34
    |
862 |             Theme.primary-bg = c.primary-bg;
    |                                  ^^^^^^^

error: Cannot access id 'Theme'
   --> src/ui/tools/individual_tool_windows.rs:863:13
    |
863 |             Theme.secondary-bg = c.secondary-bg;
    |             ^^^^^

error: Cannot access the field 'secondary-bg' of <error>
   --> src/ui/tools/individual_tool_windows.rs:863:36
    |
863 |             Theme.secondary-bg = c.secondary-bg;
    |                                    ^^^^^^^^^

error: Cannot access id 'Theme'
   --> src/ui/tools/individual_tool_windows.rs:864:13
    |
864 |             Theme.accent = c.accent;
    |             ^^^^^

error: Cannot access the field 'accent' of <error>
   --> src/ui/tools/individual_tool_windows.rs:864:30
    |
864 |             Theme.accent = c.accent;
    |                              ^^^^^^

error: Cannot access id 'Theme'
   --> src/ui/tools/individual_tool_windows.rs:865:13
    |
865 |             Theme.text-primary = c.text-primary;
    |             ^^^^^

error: Cannot access the field 'text-primary' of <error>
   --> src/ui/tools/individual_tool_windows.rs:865:36
    |
865 |             Theme.text-primary = c.text-primary;
    |                                    ^^^^

error: Cannot access id 'Theme'
   --> src/ui/tools/individual_tool_windows.rs:866:13
    |
866 |             Theme.text-secondary = c.text-secondary;
    |             ^^^^^

error: Cannot access the field 'text-secondary' of <error>
   --> src/ui/tools/individual_tool_windows.rs:866:38
    |
866 |             Theme.text-secondary = c.text-secondary;
    |                                      ^^^^

error: Cannot access id 'Theme'
   --> src/ui/tools/individual_tool_windows.rs:867:13
    |
867 |             Theme.border = c.border;
    |             ^^^^^

error: Cannot access the field 'border' of <error>
   --> src/ui/tools/individual_tool_windows.rs:867:30
    |
867 |             Theme.border = c.border;
    |                              ^^^^^^

error: Cannot access id 'Theme'
   --> src/ui/tools/individual_tool_windows.rs:868:13
    |
868 |             Theme.menu-bg = c.menu-bg;
    |             ^^^^^

error: Cannot access the field 'menu-bg' of <error>
   --> src/ui/tools/individual_tool_windows.rs:868:31
    |
868 |             Theme.menu-bg = c.menu-bg;
    |                               ^^^^

error: Cannot access id 'Theme'
   --> src/ui/tools/individual_tool_windows.rs:869:13
    |
869 |             Theme.toolbar-bg = c.toolbar-bg;
    |             ^^^^^

error: Cannot access the field 'toolbar-bg' of <error>
   --> src/ui/tools/individual_tool_windows.rs:869:34
    |
869 |             Theme.toolbar-bg = c.toolbar-bg;
    |                                  ^^^^^^^

error: Cannot access id 'Theme'
   --> src/ui/tools/individual_tool_windows.rs:870:13
    |
870 |             Theme.status-bg = c.status-bg;
    |             ^^^^^

error: Cannot access the field 'status-bg' of <error>
   --> src/ui/tools/individual_tool_windows.rs:870:33
    |
870 |             Theme.status-bg = c.status-bg;
    |                                 ^^^^^^

error: Cannot access id 'Theme'
   --> src/ui/tools/individual_tool_windows.rs:871:13
    |
871 |             Theme.editor-bg = c.editor-bg;
    |             ^^^^^

error: Cannot access the field 'editor-bg' of <error>
   --> src/ui/tools/individual_tool_windows.rs:871:33
    |
871 |             Theme.editor-bg = c.editor-bg;
    |                                 ^^^^^^

error: Cannot access id 'Theme'
   --> src/ui/tools/individual_tool_windows.rs:872:13
    |
872 |             Theme.title-bg = c.title-bg;
    |             ^^^^^

error: Cannot access the field 'title-bg' of <error>
   --> src/ui/tools/individual_tool_windows.rs:872:32
    |
872 |             Theme.title-bg = c.title-bg;
    |                                ^^^^^

error: Cannot access id 'Theme'
   --> src/ui/tools/individual_tool_windows.rs:873:13
    |
873 |             Theme.ribbon-bg = c.ribbon-bg;
    |             ^^^^^

error: Cannot access the field 'ribbon-bg' of <error>
   --> src/ui/tools/individual_tool_windows.rs:873:33
    |
873 |             Theme.ribbon-bg = c.ribbon-bg;
    |                                 ^^^^^^

error: Cannot access id 'Theme'
   --> src/ui/tools/individual_tool_windows.rs:874:13
    |
874 |             Theme.dropdown-bg = c.dropdown-bg;
    |             ^^^^^

error: Cannot access the field 'dropdown-bg' of <error>
   --> src/ui/tools/individual_tool_windows.rs:874:35
    |
874 |             Theme.dropdown-bg = c.dropdown-bg;
    |                                   ^^^^^^^^

error: Cannot access id 'Theme'
   --> src/ui/tools/individual_tool_windows.rs:886:29
    |
886 |                 background: Theme.menu-bg;
    |                             ^^^^^

error: Cannot access id 'Theme'
   --> src/ui/tools/individual_tool_windows.rs:895:37
    |
895 |                         background: Theme.status-bg;
    |                                     ^^^^^

error: Cannot access id 'Theme'
   --> src/ui/tools/individual_tool_windows.rs:920:37
    |
920 |                         background: Theme.status-bg;
    |                                     ^^^^^

error: Cannot access id 'Theme'
   --> src/ui/tools/individual_tool_windows.rs:947:32
    |
947 |                         color: Theme.text-primary;
    |                                ^^^^^

error: Cannot access id 'Theme'
   --> src/ui/tools/individual_tool_windows.rs:956:29
    |
956 |                 background: Theme.primary-bg;
    |                             ^^^^^

error: Unknown type 'SlintThemeColors'
   --> src/ui/tools/individual_tool_windows.rs:999:28
    |
999 |         callback set_theme(SlintThemeColors);
    |                            ^^^^^^^^^^^^^^^^

error: Cannot access id 'Theme'
    --> src/ui/tools/individual_tool_windows.rs:1001:13
     |
1001 |             Theme.primary-bg = c.primary-bg;
     |             ^^^^^

error: Cannot access the field 'primary-bg' of <error>
    --> src/ui/tools/individual_tool_windows.rs:1001:34
     |
1001 |             Theme.primary-bg = c.primary-bg;
     |                                  ^^^^^^^

error: Cannot access id 'Theme'
    --> src/ui/tools/individual_tool_windows.rs:1002:13
     |
1002 |             Theme.secondary-bg = c.secondary-bg;
     |             ^^^^^

error: Cannot access the field 'secondary-bg' of <error>
    --> src/ui/tools/individual_tool_windows.rs:1002:36
     |
1002 |             Theme.secondary-bg = c.secondary-bg;
     |                                    ^^^^^^^^^

error: Cannot access id 'Theme'
    --> src/ui/tools/individual_tool_windows.rs:1003:13
     |
1003 |             Theme.accent = c.accent;
     |             ^^^^^

error: Cannot access the field 'accent' of <error>
    --> src/ui/tools/individual_tool_windows.rs:1003:30
     |
1003 |             Theme.accent = c.accent;
     |                              ^^^^^^

error: Cannot access id 'Theme'
    --> src/ui/tools/individual_tool_windows.rs:1004:13
     |
1004 |             Theme.text-primary = c.text-primary;
     |             ^^^^^

error: Cannot access the field 'text-primary' of <error>
    --> src/ui/tools/individual_tool_windows.rs:1004:36
     |
1004 |             Theme.text-primary = c.text-primary;
     |                                    ^^^^

error: Cannot access id 'Theme'
    --> src/ui/tools/individual_tool_windows.rs:1005:13
     |
1005 |             Theme.text-secondary = c.text-secondary;
     |             ^^^^^

error: Cannot access the field 'text-secondary' of <error>
    --> src/ui/tools/individual_tool_windows.rs:1005:38
     |
1005 |             Theme.text-secondary = c.text-secondary;
     |                                      ^^^^

error: Cannot access id 'Theme'
    --> src/ui/tools/individual_tool_windows.rs:1006:13
     |
1006 |             Theme.border = c.border;
     |             ^^^^^

error: Cannot access the field 'border' of <error>
    --> src/ui/tools/individual_tool_windows.rs:1006:30
     |
1006 |             Theme.border = c.border;
     |                              ^^^^^^

error: Cannot access id 'Theme'
    --> src/ui/tools/individual_tool_windows.rs:1007:13
     |
1007 |             Theme.menu-bg = c.menu-bg;
     |             ^^^^^

error: Cannot access the field 'menu-bg' of <error>
    --> src/ui/tools/individual_tool_windows.rs:1007:31
     |
1007 |             Theme.menu-bg = c.menu-bg;
     |                               ^^^^

error: Cannot access id 'Theme'
    --> src/ui/tools/individual_tool_windows.rs:1008:13
     |
1008 |             Theme.toolbar-bg = c.toolbar-bg;
     |             ^^^^^

error: Cannot access the field 'toolbar-bg' of <error>
    --> src/ui/tools/individual_tool_windows.rs:1008:34
     |
1008 |             Theme.toolbar-bg = c.toolbar-bg;
     |                                  ^^^^^^^

error: Cannot access id 'Theme'
    --> src/ui/tools/individual_tool_windows.rs:1009:13
     |
1009 |             Theme.status-bg = c.status-bg;
     |             ^^^^^

error: Cannot access the field 'status-bg' of <error>
    --> src/ui/tools/individual_tool_windows.rs:1009:33
     |
1009 |             Theme.status-bg = c.status-bg;
     |                                 ^^^^^^

error: Cannot access id 'Theme'
    --> src/ui/tools/individual_tool_windows.rs:1010:13
     |
1010 |             Theme.editor-bg = c.editor-bg;
     |             ^^^^^

error: Cannot access the field 'editor-bg' of <error>
    --> src/ui/tools/individual_tool_windows.rs:1010:33
     |
1010 |             Theme.editor-bg = c.editor-bg;
     |                                 ^^^^^^

error: Cannot access id 'Theme'
    --> src/ui/tools/individual_tool_windows.rs:1011:13
     |
1011 |             Theme.title-bg = c.title-bg;
     |             ^^^^^

error: Cannot access the field 'title-bg' of <error>
    --> src/ui/tools/individual_tool_windows.rs:1011:32
     |
1011 |             Theme.title-bg = c.title-bg;
     |                                ^^^^^

error: Cannot access id 'Theme'
    --> src/ui/tools/individual_tool_windows.rs:1012:13
     |
1012 |             Theme.ribbon-bg = c.ribbon-bg;
     |             ^^^^^

error: Cannot access the field 'ribbon-bg' of <error>
    --> src/ui/tools/individual_tool_windows.rs:1012:33
     |
1012 |             Theme.ribbon-bg = c.ribbon-bg;
     |                                 ^^^^^^

error: Cannot access id 'Theme'
    --> src/ui/tools/individual_tool_windows.rs:1013:13
     |
1013 |             Theme.dropdown-bg = c.dropdown-bg;
     |             ^^^^^

error: Cannot access the field 'dropdown-bg' of <error>
    --> src/ui/tools/individual_tool_windows.rs:1013:35
     |
1013 |             Theme.dropdown-bg = c.dropdown-bg;
     |                                   ^^^^^^^^

error: Cannot access id 'Theme'
    --> src/ui/tools/individual_tool_windows.rs:1025:29
     |
1025 |                 background: Theme.menu-bg;
     |                             ^^^^^

error: Cannot access id 'Theme'
    --> src/ui/tools/individual_tool_windows.rs:1034:37
     |
1034 |                         background: Theme.status-bg;
     |                                     ^^^^^

error: Cannot access id 'Theme'
    --> src/ui/tools/individual_tool_windows.rs:1059:37
     |
1059 |                         background: Theme.status-bg;
     |                                     ^^^^^

error: Cannot access id 'Theme'
    --> src/ui/tools/individual_tool_windows.rs:1086:32
     |
1086 |                         color: Theme.text-primary;
     |                                ^^^^^

error: Cannot access id 'Theme'
    --> src/ui/tools/individual_tool_windows.rs:1095:29
     |
1095 |                 background: Theme.primary-bg;
     |                             ^^^^^

error: expected expression, found `let` statement
    --> src/ui/tools/individual_tool_windows.rs:1146:9
     |
1146 |         let slint_colors = SlintThemeColors {
     |         ^^^
...
1205 |             ToolWindowHandle::Hierarchy(w) => apply_theme!(w, colors),
     |                                               ----------------------- in this macro invocation
     |
     = note: only supported directly in conditions of `if` and `while` expressions
     = note: this error originates in the macro `apply_theme` (in Nightly builds, run with -Z macro-backtrace for more info)

error: macro expansion ignores `expr` metavariable and any tokens following
    --> src/ui/tools/individual_tool_windows.rs:1161:9
     |
1161 |         $window.invoke_set_theme(slint_colors);
     |         ^^^^^^^
...
1205 |             ToolWindowHandle::Hierarchy(w) => apply_theme!(w, colors),
     |                                               ----------------------- caused by the macro expansion here
     |
     = note: the usage of `apply_theme!` is likely invalid in expression context
help: you might be missing a semicolon here
     |
1205 |             ToolWindowHandle::Hierarchy(w) => apply_theme!(w, colors);,
     |                                                                      +

error: expected expression, found `let` statement
    --> src/ui/tools/individual_tool_windows.rs:1146:9
     |
1146 |         let slint_colors = SlintThemeColors {
     |         ^^^
...
1206 |             ToolWindowHandle::Codex(w) => apply_theme!(w, colors),
     |                                           ----------------------- in this macro invocation
     |
     = note: only supported directly in conditions of `if` and `while` expressions
     = note: this error originates in the macro `apply_theme` (in Nightly builds, run with -Z macro-backtrace for more info)

error: macro expansion ignores `expr` metavariable and any tokens following
    --> src/ui/tools/individual_tool_windows.rs:1161:9
     |
1161 |         $window.invoke_set_theme(slint_colors);
     |         ^^^^^^^
...
1206 |             ToolWindowHandle::Codex(w) => apply_theme!(w, colors),
     |                                           ----------------------- caused by the macro expansion here
     |
     = note: the usage of `apply_theme!` is likely invalid in expression context
help: you might be missing a semicolon here
     |
1206 |             ToolWindowHandle::Codex(w) => apply_theme!(w, colors);,
     |                                                                  +

error: expected expression, found `let` statement
    --> src/ui/tools/individual_tool_windows.rs:1146:9
     |
1146 |         let slint_colors = SlintThemeColors {
     |         ^^^
...
1207 |             ToolWindowHandle::Brainstorming(w) => apply_theme!(w, colors),
     |                                                   ----------------------- in this macro invocation
     |
     = note: only supported directly in conditions of `if` and `while` expressions
     = note: this error originates in the macro `apply_theme` (in Nightly builds, run with -Z macro-backtrace for more info)

error: macro expansion ignores `expr` metavariable and any tokens following
    --> src/ui/tools/individual_tool_windows.rs:1161:9
     |
1161 |         $window.invoke_set_theme(slint_colors);
     |         ^^^^^^^
...
1207 |             ToolWindowHandle::Brainstorming(w) => apply_theme!(w, colors),
     |                                                   ----------------------- caused by the macro expansion here
     |
     = note: the usage of `apply_theme!` is likely invalid in expression context
help: you might be missing a semicolon here
     |
1207 |             ToolWindowHandle::Brainstorming(w) => apply_theme!(w, colors);,
     |                                                                          +

error: expected expression, found `let` statement
    --> src/ui/tools/individual_tool_windows.rs:1146:9
     |
1146 |         let slint_colors = SlintThemeColors {
     |         ^^^
...
1208 |             ToolWindowHandle::Analysis(w) => apply_theme!(w, colors),
     |                                              ----------------------- in this macro invocation
     |
     = note: only supported directly in conditions of `if` and `while` expressions
     = note: this error originates in the macro `apply_theme` (in Nightly builds, run with -Z macro-backtrace for more info)

error: macro expansion ignores `expr` metavariable and any tokens following
    --> src/ui/tools/individual_tool_windows.rs:1161:9
     |
1161 |         $window.invoke_set_theme(slint_colors);
     |         ^^^^^^^
...
1208 |             ToolWindowHandle::Analysis(w) => apply_theme!(w, colors),
     |                                              ----------------------- caused by the macro expansion here
     |
     = note: the usage of `apply_theme!` is likely invalid in expression context
help: you might be missing a semicolon here
     |
1208 |             ToolWindowHandle::Analysis(w) => apply_theme!(w, colors);,
     |                                                                     +

error: expected expression, found `let` statement
    --> src/ui/tools/individual_tool_windows.rs:1146:9
     |
1146 |         let slint_colors = SlintThemeColors {
     |         ^^^
...
1209 |             ToolWindowHandle::Plot(w) => apply_theme!(w, colors),
     |                                          ----------------------- in this macro invocation
     |
     = note: only supported directly in conditions of `if` and `while` expressions
     = note: this error originates in the macro `apply_theme` (in Nightly builds, run with -Z macro-backtrace for more info)

error: macro expansion ignores `expr` metavariable and any tokens following
    --> src/ui/tools/individual_tool_windows.rs:1161:9
     |
1161 |         $window.invoke_set_theme(slint_colors);
     |         ^^^^^^^
...
1209 |             ToolWindowHandle::Plot(w) => apply_theme!(w, colors),
     |                                          ----------------------- caused by the macro expansion here
     |
     = note: the usage of `apply_theme!` is likely invalid in expression context
help: you might be missing a semicolon here
     |
1209 |             ToolWindowHandle::Plot(w) => apply_theme!(w, colors);,
     |                                                                 +

error: expected expression, found `let` statement
    --> src/ui/tools/individual_tool_windows.rs:1146:9
     |
1146 |         let slint_colors = SlintThemeColors {
     |         ^^^
...
1210 |             ToolWindowHandle::Notes(w) => apply_theme!(w, colors),
     |                                           ----------------------- in this macro invocation
     |
     = note: only supported directly in conditions of `if` and `while` expressions
     = note: this error originates in the macro `apply_theme` (in Nightly builds, run with -Z macro-backtrace for more info)

error: macro expansion ignores `expr` metavariable and any tokens following
    --> src/ui/tools/individual_tool_windows.rs:1161:9
     |
1161 |         $window.invoke_set_theme(slint_colors);
     |         ^^^^^^^
...
1210 |             ToolWindowHandle::Notes(w) => apply_theme!(w, colors),
     |                                           ----------------------- caused by the macro expansion here
     |
     = note: the usage of `apply_theme!` is likely invalid in expression context
help: you might be missing a semicolon here
     |
1210 |             ToolWindowHandle::Notes(w) => apply_theme!(w, colors);,
     |                                                                  +

error: expected expression, found `let` statement
    --> src/ui/tools/individual_tool_windows.rs:1146:9
     |
1146 |         let slint_colors = SlintThemeColors {
     |         ^^^
...
1211 |             ToolWindowHandle::Research(w) => apply_theme!(w, colors),
     |                                              ----------------------- in this macro invocation
     |
     = note: only supported directly in conditions of `if` and `while` expressions
     = note: this error originates in the macro `apply_theme` (in Nightly builds, run with -Z macro-backtrace for more info)

error: macro expansion ignores `expr` metavariable and any tokens following
    --> src/ui/tools/individual_tool_windows.rs:1161:9
     |
1161 |         $window.invoke_set_theme(slint_colors);
     |         ^^^^^^^
...
1211 |             ToolWindowHandle::Research(w) => apply_theme!(w, colors),
     |                                              ----------------------- caused by the macro expansion here
     |
     = note: the usage of `apply_theme!` is likely invalid in expression context
help: you might be missing a semicolon here
     |
1211 |             ToolWindowHandle::Research(w) => apply_theme!(w, colors);,
     |                                                                     +

error: expected expression, found `let` statement
    --> src/ui/tools/individual_tool_windows.rs:1146:9
     |
1146 |         let slint_colors = SlintThemeColors {
     |         ^^^
...
1212 |             ToolWindowHandle::Structure(w) => apply_theme!(w, colors),
     |                                               ----------------------- in this macro invocation
     |
     = note: only supported directly in conditions of `if` and `while` expressions
     = note: this error originates in the macro `apply_theme` (in Nightly builds, run with -Z macro-backtrace for more info)

error: macro expansion ignores `expr` metavariable and any tokens following
    --> src/ui/tools/individual_tool_windows.rs:1161:9
     |
1161 |         $window.invoke_set_theme(slint_colors);
     |         ^^^^^^^
...
1212 |             ToolWindowHandle::Structure(w) => apply_theme!(w, colors),
     |                                               ----------------------- caused by the macro expansion here
     |
     = note: the usage of `apply_theme!` is likely invalid in expression context
help: you might be missing a semicolon here
     |
1212 |             ToolWindowHandle::Structure(w) => apply_theme!(w, colors);,
     |                                                                      +

error[E0412]: cannot find type `HierarchyToolWindow` in this scope
    --> src/ui/tools/individual_tool_windows.rs:1166:15
     |
1166 |     Hierarchy(HierarchyToolWindow),
     |               ^^^^^^^^^^^^^^^^^^^ not found in this scope

error[E0412]: cannot find type `CodexToolWindow` in this scope
    --> src/ui/tools/individual_tool_windows.rs:1167:11
     |
1167 |     Codex(CodexToolWindow),
     |           ^^^^^^^^^^^^^^^ not found in this scope

error[E0412]: cannot find type `BrainstormingToolWindow` in this scope
    --> src/ui/tools/individual_tool_windows.rs:1168:19
     |
1168 |     Brainstorming(BrainstormingToolWindow),
     |                   ^^^^^^^^^^^^^^^^^^^^^^^ not found in this scope

error[E0412]: cannot find type `AnalysisToolWindow` in this scope
    --> src/ui/tools/individual_tool_windows.rs:1169:14
     |
1169 |     Analysis(AnalysisToolWindow),
     |              ^^^^^^^^^^^^^^^^^^ not found in this scope

error[E0412]: cannot find type `PlotToolWindow` in this scope
    --> src/ui/tools/individual_tool_windows.rs:1170:10
     |
1170 |     Plot(PlotToolWindow),
     |          ^^^^^^^^^^^^^^ not found in this scope

error[E0412]: cannot find type `NotesToolWindow` in this scope
    --> src/ui/tools/individual_tool_windows.rs:1171:11
     |
1171 |     Notes(NotesToolWindow),
     |           ^^^^^^^^^^^^^^^ not found in this scope

error[E0412]: cannot find type `ResearchToolWindow` in this scope
    --> src/ui/tools/individual_tool_windows.rs:1172:14
     |
1172 |     Research(ResearchToolWindow),
     |              ^^^^^^^^^^^^^^^^^^ not found in this scope

error[E0412]: cannot find type `StructureToolWindow` in this scope
    --> src/ui/tools/individual_tool_windows.rs:1173:15
     |
1173 |     Structure(StructureToolWindow),
     |               ^^^^^^^^^^^^^^^^^^^ not found in this scope

error[E0422]: cannot find struct, variant or union type `SlintThemeColors` in this scope
    --> src/ui/tools/individual_tool_windows.rs:1146:28
     |
1146 |         let slint_colors = SlintThemeColors {
     |                            ^^^^^^^^^^^^^^^^ help: a struct with a similar name exists: `ThemeColors`
...
1205 |             ToolWindowHandle::Hierarchy(w) => apply_theme!(w, colors),
     |                                               ----------------------- in this macro invocation
     |
    ::: src/ui/theme_manager.rs:14:1
     |
  14 | pub struct ThemeColors {
     | ---------------------- similarly named struct `ThemeColors` defined here
     |
     = note: this error originates in the macro `apply_theme` (in Nightly builds, run with -Z macro-backtrace for more info)

error[E0422]: cannot find struct, variant or union type `SlintThemeColors` in this scope
    --> src/ui/tools/individual_tool_windows.rs:1146:28
     |
1146 |         let slint_colors = SlintThemeColors {
     |                            ^^^^^^^^^^^^^^^^ help: a struct with a similar name exists: `ThemeColors`
...
1206 |             ToolWindowHandle::Codex(w) => apply_theme!(w, colors),
     |                                           ----------------------- in this macro invocation
     |
    ::: src/ui/theme_manager.rs:14:1
     |
  14 | pub struct ThemeColors {
     | ---------------------- similarly named struct `ThemeColors` defined here
     |
     = note: this error originates in the macro `apply_theme` (in Nightly builds, run with -Z macro-backtrace for more info)

error[E0422]: cannot find struct, variant or union type `SlintThemeColors` in this scope
    --> src/ui/tools/individual_tool_windows.rs:1146:28
     |
1146 |         let slint_colors = SlintThemeColors {
     |                            ^^^^^^^^^^^^^^^^ help: a struct with a similar name exists: `ThemeColors`
...
1207 |             ToolWindowHandle::Brainstorming(w) => apply_theme!(w, colors),
     |                                                   ----------------------- in this macro invocation
     |
    ::: src/ui/theme_manager.rs:14:1
     |
  14 | pub struct ThemeColors {
     | ---------------------- similarly named struct `ThemeColors` defined here
     |
     = note: this error originates in the macro `apply_theme` (in Nightly builds, run with -Z macro-backtrace for more info)

error[E0422]: cannot find struct, variant or union type `SlintThemeColors` in this scope
    --> src/ui/tools/individual_tool_windows.rs:1146:28
     |
1146 |         let slint_colors = SlintThemeColors {
     |                            ^^^^^^^^^^^^^^^^ help: a struct with a similar name exists: `ThemeColors`
...
1208 |             ToolWindowHandle::Analysis(w) => apply_theme!(w, colors),
     |                                              ----------------------- in this macro invocation
     |
    ::: src/ui/theme_manager.rs:14:1
     |
  14 | pub struct ThemeColors {
     | ---------------------- similarly named struct `ThemeColors` defined here
     |
     = note: this error originates in the macro `apply_theme` (in Nightly builds, run with -Z macro-backtrace for more info)

error[E0422]: cannot find struct, variant or union type `SlintThemeColors` in this scope
    --> src/ui/tools/individual_tool_windows.rs:1146:28
     |
1146 |         let slint_colors = SlintThemeColors {
     |                            ^^^^^^^^^^^^^^^^ help: a struct with a similar name exists: `ThemeColors`
...
1209 |             ToolWindowHandle::Plot(w) => apply_theme!(w, colors),
     |                                          ----------------------- in this macro invocation
     |
    ::: src/ui/theme_manager.rs:14:1
     |
  14 | pub struct ThemeColors {
     | ---------------------- similarly named struct `ThemeColors` defined here
     |
     = note: this error originates in the macro `apply_theme` (in Nightly builds, run with -Z macro-backtrace for more info)

error[E0422]: cannot find struct, variant or union type `SlintThemeColors` in this scope
    --> src/ui/tools/individual_tool_windows.rs:1146:28
     |
1146 |         let slint_colors = SlintThemeColors {
     |                            ^^^^^^^^^^^^^^^^ help: a struct with a similar name exists: `ThemeColors`
...
1210 |             ToolWindowHandle::Notes(w) => apply_theme!(w, colors),
     |                                           ----------------------- in this macro invocation
     |
    ::: src/ui/theme_manager.rs:14:1
     |
  14 | pub struct ThemeColors {
     | ---------------------- similarly named struct `ThemeColors` defined here
     |
     = note: this error originates in the macro `apply_theme` (in Nightly builds, run with -Z macro-backtrace for more info)

error[E0422]: cannot find struct, variant or union type `SlintThemeColors` in this scope
    --> src/ui/tools/individual_tool_windows.rs:1146:28
     |
1146 |         let slint_colors = SlintThemeColors {
     |                            ^^^^^^^^^^^^^^^^ help: a struct with a similar name exists: `ThemeColors`
...
1211 |             ToolWindowHandle::Research(w) => apply_theme!(w, colors),
     |                                              ----------------------- in this macro invocation
     |
    ::: src/ui/theme_manager.rs:14:1
     |
  14 | pub struct ThemeColors {
     | ---------------------- similarly named struct `ThemeColors` defined here
     |
     = note: this error originates in the macro `apply_theme` (in Nightly builds, run with -Z macro-backtrace for more info)

error[E0422]: cannot find struct, variant or union type `SlintThemeColors` in this scope
    --> src/ui/tools/individual_tool_windows.rs:1146:28
     |
1146 |         let slint_colors = SlintThemeColors {
     |                            ^^^^^^^^^^^^^^^^ help: a struct with a similar name exists: `ThemeColors`
...
1212 |             ToolWindowHandle::Structure(w) => apply_theme!(w, colors),
     |                                               ----------------------- in this macro invocation
     |
    ::: src/ui/theme_manager.rs:14:1
     |
  14 | pub struct ThemeColors {
     | ---------------------- similarly named struct `ThemeColors` defined here
     |
     = note: this error originates in the macro `apply_theme` (in Nightly builds, run with -Z macro-backtrace for more info)

error[E0422]: cannot find struct, variant or union type `SlintThemeColors` in this scope
    --> src/ui/tools/individual_tool_windows.rs:1146:28
     |
1146 |         let slint_colors = SlintThemeColors {
     |                            ^^^^^^^^^^^^^^^^ help: a struct with a similar name exists: `ThemeColors`
...
1359 |         apply_theme!(&hierarchy_window, &colors);
     |         ---------------------------------------- in this macro invocation
     |
    ::: src/ui/theme_manager.rs:14:1
     |
  14 | pub struct ThemeColors {
     | ---------------------- similarly named struct `ThemeColors` defined here
     |
     = note: this error originates in the macro `apply_theme` (in Nightly builds, run with -Z macro-backtrace for more info)

error[E0422]: cannot find struct, variant or union type `SlintThemeColors` in this scope
    --> src/ui/tools/individual_tool_windows.rs:1146:28
     |
1146 |         let slint_colors = SlintThemeColors {
     |                            ^^^^^^^^^^^^^^^^ help: a struct with a similar name exists: `ThemeColors`
...
1444 |         apply_theme!(&codex_window, &colors);
     |         ------------------------------------ in this macro invocation
     |
    ::: src/ui/theme_manager.rs:14:1
     |
  14 | pub struct ThemeColors {
     | ---------------------- similarly named struct `ThemeColors` defined here
     |
     = note: this error originates in the macro `apply_theme` (in Nightly builds, run with -Z macro-backtrace for more info)

error[E0422]: cannot find struct, variant or union type `SlintThemeColors` in this scope
    --> src/ui/tools/individual_tool_windows.rs:1146:28
     |
1146 |         let slint_colors = SlintThemeColors {
     |                            ^^^^^^^^^^^^^^^^ help: a struct with a similar name exists: `ThemeColors`
...
1529 |         apply_theme!(&brainstorming_window, &colors);
     |         -------------------------------------------- in this macro invocation
     |
    ::: src/ui/theme_manager.rs:14:1
     |
  14 | pub struct ThemeColors {
     | ---------------------- similarly named struct `ThemeColors` defined here
     |
     = note: this error originates in the macro `apply_theme` (in Nightly builds, run with -Z macro-backtrace for more info)

error[E0422]: cannot find struct, variant or union type `SlintThemeColors` in this scope
    --> src/ui/tools/individual_tool_windows.rs:1146:28
     |
1146 |         let slint_colors = SlintThemeColors {
     |                            ^^^^^^^^^^^^^^^^ help: a struct with a similar name exists: `ThemeColors`
...
1614 |         apply_theme!(&analysis_window, &colors);
     |         --------------------------------------- in this macro invocation
     |
    ::: src/ui/theme_manager.rs:14:1
     |
  14 | pub struct ThemeColors {
     | ---------------------- similarly named struct `ThemeColors` defined here
     |
     = note: this error originates in the macro `apply_theme` (in Nightly builds, run with -Z macro-backtrace for more info)

error[E0422]: cannot find struct, variant or union type `SlintThemeColors` in this scope
    --> src/ui/tools/individual_tool_windows.rs:1146:28
     |
1146 |         let slint_colors = SlintThemeColors {
     |                            ^^^^^^^^^^^^^^^^ help: a struct with a similar name exists: `ThemeColors`
...
1699 |         apply_theme!(&plot_window, &colors);
     |         ----------------------------------- in this macro invocation
     |
    ::: src/ui/theme_manager.rs:14:1
     |
  14 | pub struct ThemeColors {
     | ---------------------- similarly named struct `ThemeColors` defined here
     |
     = note: this error originates in the macro `apply_theme` (in Nightly builds, run with -Z macro-backtrace for more info)

error[E0422]: cannot find struct, variant or union type `SlintThemeColors` in this scope
    --> src/ui/tools/individual_tool_windows.rs:1146:28
     |
1146 |         let slint_colors = SlintThemeColors {
     |                            ^^^^^^^^^^^^^^^^ help: a struct with a similar name exists: `ThemeColors`
...
1784 |         apply_theme!(&notes_window, &colors);
     |         ------------------------------------ in this macro invocation
     |
    ::: src/ui/theme_manager.rs:14:1
     |
  14 | pub struct ThemeColors {
     | ---------------------- similarly named struct `ThemeColors` defined here
     |
     = note: this error originates in the macro `apply_theme` (in Nightly builds, run with -Z macro-backtrace for more info)

error[E0422]: cannot find struct, variant or union type `SlintThemeColors` in this scope
    --> src/ui/tools/individual_tool_windows.rs:1146:28
     |
1146 |         let slint_colors = SlintThemeColors {
     |                            ^^^^^^^^^^^^^^^^ help: a struct with a similar name exists: `ThemeColors`
...
1869 |         apply_theme!(&research_window, &colors);
     |         --------------------------------------- in this macro invocation
     |
    ::: src/ui/theme_manager.rs:14:1
     |
  14 | pub struct ThemeColors {
     | ---------------------- similarly named struct `ThemeColors` defined here
     |
     = note: this error originates in the macro `apply_theme` (in Nightly builds, run with -Z macro-backtrace for more info)

error[E0422]: cannot find struct, variant or union type `SlintThemeColors` in this scope
    --> src/ui/tools/individual_tool_windows.rs:1146:28
     |
1146 |         let slint_colors = SlintThemeColors {
     |                            ^^^^^^^^^^^^^^^^ help: a struct with a similar name exists: `ThemeColors`
...
1954 |         apply_theme!(&structure_window, &colors);
     |         ---------------------------------------- in this macro invocation
     |
    ::: src/ui/theme_manager.rs:14:1
     |
  14 | pub struct ThemeColors {
     | ---------------------- similarly named struct `ThemeColors` defined here
     |
     = note: this error originates in the macro `apply_theme` (in Nightly builds, run with -Z macro-backtrace for more info)

warning: unnecessary braces around block return value
  --> src/ui/menu_integration_bridge.rs:24:9
   |
24 |         { Arc::new(RwLock::new(MenuIntegrationBridge::new())) };
   |         ^^                                                   ^^
   |
   = note: `#[warn(unused_braces)]` (part of `#[warn(unused)]`) on by default
help: remove these braces
   |
24 -         { Arc::new(RwLock::new(MenuIntegrationBridge::new())) };
24 +         Arc::new(RwLock::new(MenuIntegrationBridge::new()));
   |

warning: unused doc comment
   --> src/ui/theme_manager.rs:523:1
    |
523 | /// Global theme manager instance
    | ^^^^^^^^^^^^^^^^^^^^^^^^^^^^^^^^^ rustdoc does not generate documentation for macro invocations
    |
    = help: to document an item produced by a macro, the macro must produce the documentation as part of its expansion
    = note: `#[warn(unused_doc_comments)]` (part of `#[warn(unused)]`) on by default

error: trailing semicolon in macro used in expression position
    --> src/ui/tools/individual_tool_windows.rs:1160:10
     |
1160 |         };
     |          ^
...
1205 |             ToolWindowHandle::Hierarchy(w) => apply_theme!(w, colors),
     |                                               ----------------------- in this macro invocation
     |
     = warning: this was previously accepted by the compiler but is being phased out; it will become a hard error in a future release!
     = note: for more information, see issue #79813 <https://github.com/rust-lang/rust/issues/79813>
     = note: `#[deny(semicolon_in_expressions_from_macros)]` (part of `#[deny(future_incompatible)]`) on by default
     = note: this error originates in the macro `apply_theme` (in Nightly builds, run with -Z macro-backtrace for more info)

error: trailing semicolon in macro used in expression position
    --> src/ui/tools/individual_tool_windows.rs:1160:10
     |
1160 |         };
     |          ^
...
1206 |             ToolWindowHandle::Codex(w) => apply_theme!(w, colors),
     |                                           ----------------------- in this macro invocation
     |
     = warning: this was previously accepted by the compiler but is being phased out; it will become a hard error in a future release!
     = note: for more information, see issue #79813 <https://github.com/rust-lang/rust/issues/79813>
     = note: this error originates in the macro `apply_theme` (in Nightly builds, run with -Z macro-backtrace for more info)

error: trailing semicolon in macro used in expression position
    --> src/ui/tools/individual_tool_windows.rs:1160:10
     |
1160 |         };
     |          ^
...
1207 |             ToolWindowHandle::Brainstorming(w) => apply_theme!(w, colors),
     |                                                   ----------------------- in this macro invocation
     |
     = warning: this was previously accepted by the compiler but is being phased out; it will become a hard error in a future release!
     = note: for more information, see issue #79813 <https://github.com/rust-lang/rust/issues/79813>
     = note: this error originates in the macro `apply_theme` (in Nightly builds, run with -Z macro-backtrace for more info)

error: trailing semicolon in macro used in expression position
    --> src/ui/tools/individual_tool_windows.rs:1160:10
     |
1160 |         };
     |          ^
...
1208 |             ToolWindowHandle::Analysis(w) => apply_theme!(w, colors),
     |                                              ----------------------- in this macro invocation
     |
     = warning: this was previously accepted by the compiler but is being phased out; it will become a hard error in a future release!
     = note: for more information, see issue #79813 <https://github.com/rust-lang/rust/issues/79813>
     = note: this error originates in the macro `apply_theme` (in Nightly builds, run with -Z macro-backtrace for more info)

error: trailing semicolon in macro used in expression position
    --> src/ui/tools/individual_tool_windows.rs:1160:10
     |
1160 |         };
     |          ^
...
1209 |             ToolWindowHandle::Plot(w) => apply_theme!(w, colors),
     |                                          ----------------------- in this macro invocation
     |
     = warning: this was previously accepted by the compiler but is being phased out; it will become a hard error in a future release!
     = note: for more information, see issue #79813 <https://github.com/rust-lang/rust/issues/79813>
     = note: this error originates in the macro `apply_theme` (in Nightly builds, run with -Z macro-backtrace for more info)

error: trailing semicolon in macro used in expression position
    --> src/ui/tools/individual_tool_windows.rs:1160:10
     |
1160 |         };
     |          ^
...
1210 |             ToolWindowHandle::Notes(w) => apply_theme!(w, colors),
     |                                           ----------------------- in this macro invocation
     |
     = warning: this was previously accepted by the compiler but is being phased out; it will become a hard error in a future release!
     = note: for more information, see issue #79813 <https://github.com/rust-lang/rust/issues/79813>
     = note: this error originates in the macro `apply_theme` (in Nightly builds, run with -Z macro-backtrace for more info)

error: trailing semicolon in macro used in expression position
    --> src/ui/tools/individual_tool_windows.rs:1160:10
     |
1160 |         };
     |          ^
...
1211 |             ToolWindowHandle::Research(w) => apply_theme!(w, colors),
     |                                              ----------------------- in this macro invocation
     |
     = warning: this was previously accepted by the compiler but is being phased out; it will become a hard error in a future release!
     = note: for more information, see issue #79813 <https://github.com/rust-lang/rust/issues/79813>
     = note: this error originates in the macro `apply_theme` (in Nightly builds, run with -Z macro-backtrace for more info)

error: trailing semicolon in macro used in expression position
    --> src/ui/tools/individual_tool_windows.rs:1160:10
     |
1160 |         };
     |          ^
...
1212 |             ToolWindowHandle::Structure(w) => apply_theme!(w, colors),
     |                                               ----------------------- in this macro invocation
     |
     = warning: this was previously accepted by the compiler but is being phased out; it will become a hard error in a future release!
     = note: for more information, see issue #79813 <https://github.com/rust-lang/rust/issues/79813>
     = note: this error originates in the macro `apply_theme` (in Nightly builds, run with -Z macro-backtrace for more info)

warning: unused doc comment
   --> src/ui/tools/threading_patterns.rs:426:1
    |
426 | /// Global managers using safe threading patterns
    | ^^^^^^^^^^^^^^^^^^^^^^^^^^^^^^^^^^^^^^^^^^^^^^^^^ rustdoc does not generate documentation for macro invocations
    |
    = help: to document an item produced by a macro, the macro must produce the documentation as part of its expansion

warning: unused doc comment
   --> src/ui/tools/hierarchy_drag.rs:279:1
    |
279 | /// Global hierarchy drag handler instance
    | ^^^^^^^^^^^^^^^^^^^^^^^^^^^^^^^^^^^^^^^^^^ rustdoc does not generate documentation for macro invocations
    |
    = help: to document an item produced by a macro, the macro must produce the documentation as part of its expansion

warning: unused import: `Model`
 --> src/ui/tools/hierarchy_ui.rs:9:13
  |
9 | use slint::{Model, ModelRc, VecModel, SharedString};
  |             ^^^^^
  |
  = note: `#[warn(unused_imports)]` (part of `#[warn(unused)]`) on by default

warning: private item shadows public glob re-export
  --> src/ui/tools/mod.rs:26:5
   |
26 | use crate::ui::tools::api_contracts::ToolLifecycleEvent;
   |     ^^^^^^^^^^^^^^^^^^^^^^^^^^^^^^^^^^^^^^^^^^^^^^^^^^^
   |
note: the name `ToolLifecycleEvent` in the type namespace is supposed to be publicly re-exported here
  --> src/ui/tools/mod.rs:20:9
   |
20 | pub use api_contracts::*;
   |         ^^^^^^^^^^^^^^^^
note: but the private item here shadows it
  --> src/ui/tools/mod.rs:26:5
   |
26 | use crate::ui::tools::api_contracts::ToolLifecycleEvent;
   |     ^^^^^^^^^^^^^^^^^^^^^^^^^^^^^^^^^^^^^^^^^^^^^^^^^^^
   = note: `#[warn(hidden_glob_reexports)]` on by default

warning: unused doc comment
   --> src/ui/unified_toolbar.rs:225:1
    |
225 | /// Unified toolbar component definition
    | ^^^^^^^^^^^^^^^^^^^^^^^^^^^^^^^^^^^^^^^^ rustdoc does not generate documentation for macro invocations
    |
    = help: to document an item produced by a macro, the macro must produce the documentation as part of its expansion

warning: unused doc comment
   --> src/ui/window_manager.rs:342:1
    |
342 | /// Global window manager instance
    | ^^^^^^^^^^^^^^^^^^^^^^^^^^^^^^^^^^ rustdoc does not generate documentation for macro invocations
    |
    = help: to document an item produced by a macro, the macro must produce the documentation as part of its expansion

warning: unused imports: `Model` and `SharedString`
 --> src/ui/font_manager_window.rs:2:30
  |
2 | use slint::{ComponentHandle, Model, VecModel, SharedString};
  |                              ^^^^^            ^^^^^^^^^^^^

warning: unused imports: `Arc` and `Mutex`
 --> src/ui/font_manager_window.rs:3:17
  |
3 | use std::sync::{Arc, Mutex};
  |                 ^^^  ^^^^^

warning: unused imports: `FontManager` and `init_font_manager`
 --> src/ui/font_manager_window.rs:5:27
  |
5 | use crate::font_manager::{FontManager, FontInfo, init_font_manager, get_font_manager};
  |                           ^^^^^^^^^^^            ^^^^^^^^^^^^^^^^^

warning: unused import: `crate::ui::tools::base::ToolIntegration`
  --> src/import/heuristic_import.rs:11:5
   |
11 | use crate::ui::tools::base::ToolIntegration;
   |     ^^^^^^^^^^^^^^^^^^^^^^^^^^^^^^^^^^^^^^^

warning: unused imports: `DatabaseConfig` and `ServiceFactory`
  --> src/import/heuristic_import.rs:14:23
   |
14 | use crate::database::{ServiceFactory, DatabaseConfig};
   |                       ^^^^^^^^^^^^^^  ^^^^^^^^^^^^^^

warning: unused import: `Context`
 --> src/security/secure_storage.rs:1:22
  |
1 | use anyhow::{Result, Context};
  |                      ^^^^^^^

warning: use of deprecated constant `ui::unified_toolbar::_::WARNING`: Exported component 'EnhancedToolbar' doesn't inherit Window. This is deprecated
   --> src/ui/unified_toolbar.rs:507:22
    |
507 |     export component EnhancedToolbar {
    |                      ^^^^^^^^^^^^^^^
    |
    = note: `#[warn(deprecated)]` on by default

warning: use of deprecated constant `ui::unified_toolbar::_::WARNING`: Exported component 'ThemeSelector' doesn't inherit Window. No code will be generated for it
   --> src/ui/unified_toolbar.rs:456:22
    |
456 |     export component ThemeSelector {
    |                      ^^^^^^^^^^^^^

warning: use of deprecated constant `ui::unified_toolbar::_::WARNING`: Exported component 'ThemedMenuBar' doesn't inherit Window. No code will be generated for it
   --> src/ui/unified_toolbar.rs:362:22
    |
362 |     export component ThemedMenuBar {
    |                      ^^^^^^^^^^^^^

warning: use of deprecated constant `ui::unified_toolbar::_::WARNING`: Exported component 'ThemedStatusBar' doesn't inherit Window. No code will be generated for it
   --> src/ui/unified_toolbar.rs:405:22
    |
405 |     export component ThemedStatusBar {
    |                      ^^^^^^^^^^^^^^^

warning: use of deprecated constant `ui::unified_toolbar::_::WARNING`: Exported component 'UnifiedToolbar' doesn't inherit Window. No code will be generated for it
   --> src/ui/unified_toolbar.rs:278:22
    |
278 |     export component UnifiedToolbar {
    |                      ^^^^^^^^^^^^^^

warning: unused variable: `script`
   --> src/automation/mod.rs:961:9
    |
961 |         script: &Script,
    |         ^^^^^^ help: if this is intentional, prefix it with an underscore: `_script`
    |
    = note: `#[warn(unused_variables)]` (part of `#[warn(unused)]`) on by default

warning: unused variable: `parameters`
   --> src/automation/mod.rs:962:9
    |
962 |         parameters: HashMap<String, serde_json::Value>,
    |         ^^^^^^^^^^ help: if this is intentional, prefix it with an underscore: `_parameters`

warning: unused variable: `parameters`
   --> src/automation/mod.rs:978:9
    |
978 |         parameters: HashMap<String, serde_json::Value>,
    |         ^^^^^^^^^^ help: if this is intentional, prefix it with an underscore: `_parameters`

warning: unused variable: `script`
    --> src/automation/mod.rs:1041:9
     |
1041 |         script: &Script,
     |         ^^^^^^ help: if this is intentional, prefix it with an underscore: `_script`

warning: unused variable: `workspace_path`
    --> src/automation/mod.rs:1042:9
     |
1042 |         workspace_path: &PathBuf,
     |         ^^^^^^^^^^^^^^ help: if this is intentional, prefix it with an underscore: `_workspace_path`

warning: unused variable: `parameters`
    --> src/automation/mod.rs:1043:9
     |
1043 |         parameters: HashMap<String, serde_json::Value>,
     |         ^^^^^^^^^^ help: if this is intentional, prefix it with an underscore: `_parameters`

warning: unused variable: `script`
    --> src/automation/mod.rs:1063:9
     |
1063 |         script: &Script,
     |         ^^^^^^ help: if this is intentional, prefix it with an underscore: `_script`

warning: unused variable: `workspace_path`
    --> src/automation/mod.rs:1064:9
     |
1064 |         workspace_path: &PathBuf,
     |         ^^^^^^^^^^^^^^ help: if this is intentional, prefix it with an underscore: `_workspace_path`

warning: unused variable: `parameters`
    --> src/automation/mod.rs:1065:9
     |
1065 |         parameters: HashMap<String, serde_json::Value>,
     |         ^^^^^^^^^^ help: if this is intentional, prefix it with an underscore: `_parameters`

warning: unused variable: `script`
    --> src/automation/mod.rs:1084:9
     |
1084 |         script: &Script,
     |         ^^^^^^ help: if this is intentional, prefix it with an underscore: `_script`

warning: unused variable: `workspace_path`
    --> src/automation/mod.rs:1085:9
     |
1085 |         workspace_path: &PathBuf,
     |         ^^^^^^^^^^^^^^ help: if this is intentional, prefix it with an underscore: `_workspace_path`

warning: unused variable: `parameters`
    --> src/automation/mod.rs:1086:9
     |
1086 |         parameters: HashMap<String, serde_json::Value>,
     |         ^^^^^^^^^^ help: if this is intentional, prefix it with an underscore: `_parameters`

warning: unused variable: `workspace_path`
    --> src/automation/mod.rs:1106:9
     |
1106 |         workspace_path: &PathBuf,
     |         ^^^^^^^^^^^^^^ help: if this is intentional, prefix it with an underscore: `_workspace_path`

warning: unused variable: `parameters`
    --> src/automation/mod.rs:1107:9
     |
1107 |         parameters: HashMap<String, serde_json::Value>,
     |         ^^^^^^^^^^ help: if this is intentional, prefix it with an underscore: `_parameters`

warning: unused variable: `script_id`
    --> src/automation/mod.rs:1267:49
     |
1267 |                     ErrorAction::CustomScript { script_id } => {
     |                                                 ^^^^^^^^^ help: try ignoring the field: `script_id: _`

warning: unused variable: `db_path_str`
   --> src/database/enhanced_database_sqlx.rs:110:13
    |
110 |         let db_path_str = db_path.to_str().ok_or_else(|| {
    |             ^^^^^^^^^^^ help: if this is intentional, prefix it with an underscore: `_db_path_str`

warning: unused variable: `file_path`
   --> src/database/research_service.rs:576:9
    |
576 |         file_path: &PathBuf,
    |         ^^^^^^^^^ help: if this is intentional, prefix it with an underscore: `_file_path`

warning: unused variable: `context`
   --> src/ui/comprehensive_error_handling.rs:461:9
    |
461 |         context: &ErrorContext,
    |         ^^^^^^^ help: if this is intentional, prefix it with an underscore: `_context`

warning: unused variable: `db_service`
   --> src/ui/document_persistence.rs:196:13
    |
196 |         let db_service = db_state
    |             ^^^^^^^^^^ help: if this is intentional, prefix it with an underscore: `_db_service`

warning: unused variable: `now`
   --> src/ui/document_persistence.rs:203:13
    |
203 |         let now = SystemTime::now()
    |             ^^^ help: if this is intentional, prefix it with an underscore: `_now`

warning: unused variable: `db_service`
   --> src/ui/menu_integration_bridge.rs:270:38
    |
270 |     pub async fn open_hierarchy_tool(db_service: Arc<RwLock<EnhancedDatabaseService>>) -> Result<(), Box<dyn std::error::Error>> {
    |                                      ^^^^^^^^^^ help: if this is intentional, prefix it with an underscore: `_db_service`

warning: variable does not need to be mutable
   --> src/ui/menu_integration_bridge.rs:271:13
    |
271 |         let mut bridge = Self::get().await;
    |             ----^^^^^^
    |             |
    |             help: remove this `mut`
    |
    = note: `#[warn(unused_mut)]` (part of `#[warn(unused)]`) on by default

warning: unused variable: `db_service`
   --> src/ui/menu_integration_bridge.rs:276:34
    |
276 |     pub async fn open_codex_tool(db_service: Arc<RwLock<EnhancedDatabaseService>>) -> Result<(), Box<dyn std::error::Error>> {
    |                                  ^^^^^^^^^^ help: if this is intentional, prefix it with an underscore: `_db_service`

warning: variable does not need to be mutable
   --> src/ui/menu_integration_bridge.rs:277:13
    |
277 |         let mut bridge = Self::get().await;
    |             ----^^^^^^
    |             |
    |             help: remove this `mut`

warning: unused variable: `db_service`
   --> src/ui/menu_integration_bridge.rs:282:42
    |
282 |     pub async fn open_brainstorming_tool(db_service: Arc<RwLock<EnhancedDatabaseService>>) -> Result<(), Box<dyn std::error::Error>> {
    |                                          ^^^^^^^^^^ help: if this is intentional, prefix it with an underscore: `_db_service`

warning: variable does not need to be mutable
   --> src/ui/menu_integration_bridge.rs:283:13
    |
283 |         let mut bridge = Self::get().await;
    |             ----^^^^^^
    |             |
    |             help: remove this `mut`

warning: unused variable: `db_service`
   --> src/ui/menu_integration_bridge.rs:288:37
    |
288 |     pub async fn open_analysis_tool(db_service: Arc<RwLock<EnhancedDatabaseService>>) -> Result<(), Box<dyn std::error::Error>> {
    |                                     ^^^^^^^^^^ help: if this is intentional, prefix it with an underscore: `_db_service`

warning: variable does not need to be mutable
   --> src/ui/menu_integration_bridge.rs:289:13
    |
289 |         let mut bridge = Self::get().await;
    |             ----^^^^^^
    |             |
    |             help: remove this `mut`

warning: unused variable: `db_service`
   --> src/ui/menu_integration_bridge.rs:294:33
    |
294 |     pub async fn open_plot_tool(db_service: Arc<RwLock<EnhancedDatabaseService>>) -> Result<(), Box<dyn std::error::Error>> {
    |                                 ^^^^^^^^^^ help: if this is intentional, prefix it with an underscore: `_db_service`

warning: variable does not need to be mutable
   --> src/ui/menu_integration_bridge.rs:295:13
    |
295 |         let mut bridge = Self::get().await;
    |             ----^^^^^^
    |             |
    |             help: remove this `mut`

warning: unused variable: `db_service`
   --> src/ui/menu_integration_bridge.rs:300:34
    |
300 |     pub async fn open_notes_tool(db_service: Arc<RwLock<EnhancedDatabaseService>>) -> Result<(), Box<dyn std::error::Error>> {
    |                                  ^^^^^^^^^^ help: if this is intentional, prefix it with an underscore: `_db_service`

warning: variable does not need to be mutable
   --> src/ui/menu_integration_bridge.rs:301:13
    |
301 |         let mut bridge = Self::get().await;
    |             ----^^^^^^
    |             |
    |             help: remove this `mut`

warning: unused variable: `db_service`
   --> src/ui/menu_integration_bridge.rs:306:37
    |
306 |     pub async fn open_research_tool(db_service: Arc<RwLock<EnhancedDatabaseService>>) -> Result<(), Box<dyn std::error::Error>> {
    |                                     ^^^^^^^^^^ help: if this is intentional, prefix it with an underscore: `_db_service`

warning: variable does not need to be mutable
   --> src/ui/menu_integration_bridge.rs:307:13
    |
307 |         let mut bridge = Self::get().await;
    |             ----^^^^^^
    |             |
    |             help: remove this `mut`

warning: unused variable: `db_service`
   --> src/ui/menu_integration_bridge.rs:312:38
    |
312 |     pub async fn open_structure_tool(db_service: Arc<RwLock<EnhancedDatabaseService>>) -> Result<(), Box<dyn std::error::Error>> {
    |                                      ^^^^^^^^^^ help: if this is intentional, prefix it with an underscore: `_db_service`

warning: variable does not need to be mutable
   --> src/ui/menu_integration_bridge.rs:313:13
    |
313 |         let mut bridge = Self::get().await;
    |             ----^^^^^^
    |             |
    |             help: remove this `mut`

warning: unused variable: `tool`
   --> src/ui/tools/threading_patterns.rs:238:13
    |
238 |         let tool = tools
    |             ^^^^ help: if this is intentional, prefix it with an underscore: `_tool`

warning: unused variable: `duration`
  --> src/ui/tools/tools.rs:88:21
   |
88 |                 let duration = start_time.elapsed();
   |                     ^^^^^^^^ help: if this is intentional, prefix it with an underscore: `_duration`

warning: unused variable: `duration`
   --> src/ui/tools/tools.rs:405:21
    |
405 |                 let duration = start_time.elapsed();
    |                     ^^^^^^^^ help: if this is intentional, prefix it with an underscore: `_duration`

warning: unused variable: `registry_health`
   --> src/ui/tools/mod.rs:126:13
    |
126 |         let registry_health = self.tool_registry.get_health().await;
    |             ^^^^^^^^^^^^^^^ help: if this is intentional, prefix it with an underscore: `_registry_health`

warning: unused variable: `contract_tools`
   --> src/ui/tools/mod.rs:129:13
    |
129 |         let contract_tools = self.api_contract.get_registered_tools().await;
    |             ^^^^^^^^^^^^^^ help: if this is intentional, prefix it with an underscore: `_contract_tools`

warning: value assigned to `message` is never read
   --> src/ui/window_persistence_integration.rs:144:17
    |
144 |         let mut message = None;
    |                 ^^^^^^^
    |
    = help: maybe it is overwritten before being read?
    = note: `#[warn(unused_assignments)]` (part of `#[warn(unused)]`) on by default

warning: value assigned to `stats` is never read
   --> src/ui/window_persistence_integration.rs:145:17
    |
145 |         let mut stats = None;
    |                 ^^^^^
    |
    = help: maybe it is overwritten before being read?

warning: unused variable: `layout`
   --> src/ui/window_state_persistence.rs:411:21
    |
411 |         if let Some(layout) = self.saved_layouts.remove(&layout_id) {
    |                     ^^^^^^ help: if this is intentional, prefix it with an underscore: `_layout`

error[E0433]: failed to resolve: use of undeclared type `HierarchyToolWindow`
    --> src/ui/tools/individual_tool_windows.rs:1356:32
     |
1356 |         let hierarchy_window = HierarchyToolWindow::new()?;
     |                                ^^^^^^^^^^^^^^^^^^^ use of undeclared type `HierarchyToolWindow`

error[E0433]: failed to resolve: use of undeclared type `CodexToolWindow`
    --> src/ui/tools/individual_tool_windows.rs:1441:28
     |
1441 |         let codex_window = CodexToolWindow::new()?;
     |                            ^^^^^^^^^^^^^^^ use of undeclared type `CodexToolWindow`

error[E0433]: failed to resolve: use of undeclared type `BrainstormingToolWindow`
    --> src/ui/tools/individual_tool_windows.rs:1526:36
     |
1526 |         let brainstorming_window = BrainstormingToolWindow::new()?;
     |                                    ^^^^^^^^^^^^^^^^^^^^^^^ use of undeclared type `BrainstormingToolWindow`

error[E0433]: failed to resolve: use of undeclared type `AnalysisToolWindow`
    --> src/ui/tools/individual_tool_windows.rs:1611:31
     |
1611 |         let analysis_window = AnalysisToolWindow::new()?;
     |                               ^^^^^^^^^^^^^^^^^^ use of undeclared type `AnalysisToolWindow`

error[E0433]: failed to resolve: use of undeclared type `PlotToolWindow`
    --> src/ui/tools/individual_tool_windows.rs:1696:27
     |
1696 |         let plot_window = PlotToolWindow::new()?;
     |                           ^^^^^^^^^^^^^^ use of undeclared type `PlotToolWindow`

error[E0433]: failed to resolve: use of undeclared type `NotesToolWindow`
    --> src/ui/tools/individual_tool_windows.rs:1781:28
     |
1781 |         let notes_window = NotesToolWindow::new()?;
     |                            ^^^^^^^^^^^^^^^ use of undeclared type `NotesToolWindow`

error[E0433]: failed to resolve: use of undeclared type `ResearchToolWindow`
    --> src/ui/tools/individual_tool_windows.rs:1866:31
     |
1866 |         let research_window = ResearchToolWindow::new()?;
     |                               ^^^^^^^^^^^^^^^^^^ use of undeclared type `ResearchToolWindow`

error[E0433]: failed to resolve: use of undeclared type `StructureToolWindow`
    --> src/ui/tools/individual_tool_windows.rs:1951:32
     |
1951 |         let structure_window = StructureToolWindow::new()?;
     |                                ^^^^^^^^^^^^^^^^^^^ use of undeclared type `StructureToolWindow`

warning: unused variable: `event_system`
    --> src/automation/mod.rs:1151:25
     |
1151 |                     let event_system = self.event_system.write().unwrap();
     |                         ^^^^^^^^^^^^ help: if this is intentional, prefix it with an underscore: `_event_system`

warning: unused variable: `scheduler`
    --> src/automation/mod.rs:1162:25
     |
1162 |                     let scheduler = self.scheduler.write().unwrap();
     |                         ^^^^^^^^^ help: if this is intentional, prefix it with an underscore: `_scheduler`

warning: unused variable: `state_manager`
   --> src/ui/enhanced_window_manager.rs:443:21
    |
443 |         if let Some(state_manager) = &self.state_manager {
    |                     ^^^^^^^^^^^^^ help: if this is intentional, prefix it with an underscore: `_state_manager`

warning: unused variable: `state_manager`
   --> src/ui/enhanced_window_manager.rs:453:21
    |
453 |         if let Some(state_manager) = &self.state_manager {
    |                     ^^^^^^^^^^^^^ help: if this is intentional, prefix it with an underscore: `_state_manager`

warning: unused variable: `state_manager`
   --> src/ui/enhanced_window_manager.rs:485:21
    |
485 |         if let Some(state_manager) = &self.state_manager {
    |                     ^^^^^^^^^^^^^ help: if this is intentional, prefix it with an underscore: `_state_manager`

warning: variable does not need to be mutable
    --> src/ui/tools/individual_tool_windows.rs:1312:25
     |
1312 |             if let Some(mut state) = states.get_mut(&tool_type) {
     |                         ----^^^^^
     |                         |
     |                         help: remove this `mut`

warning: unused variable: `position`
   --> src/ui/tools/hierarchy_drag.rs:194:120
    |
194 | ...m: Option<&HierarchyItem>, position: Option<usize>) -> Result<(), String> {
    |                               ^^^^^^^^ help: if this is intentional, prefix it with an underscore: `_position`

warning: irrefutable `if let` pattern
   --> src/ui/window_manager.rs:145:12
    |
145 |         if let WindowType::IndividualTool(ref tool) = window_type {
    |            ^^^^^^^^^^^^^^^^^^^^^^^^^^^^^^^^^^^^^^^^^^^^^^^^^^^^^^
    |
    = note: this pattern will always match, so the `if let` is useless
    = help: consider replacing the `if let` with a `let`
    = note: `#[warn(irrefutable_let_patterns)]` on by default

warning: irrefutable `if let` pattern
   --> src/ui/window_manager.rs:192:12
    |
192 |         if let WindowType::IndividualTool(ref tool) = &window_type {
    |            ^^^^^^^^^^^^^^^^^^^^^^^^^^^^^^^^^^^^^^^^^^^^^^^^^^^^^^^
    |
    = note: this pattern will always match, so the `if let` is useless
    = help: consider replacing the `if let` with a `let`

warning: irrefutable `if let` pattern
   --> src/ui/window_manager.rs:216:12
    |
216 |         if let WindowType::IndividualTool(ref tool) = &window_state.window_type {
    |            ^^^^^^^^^^^^^^^^^^^^^^^^^^^^^^^^^^^^^^^^^^^^^^^^^^^^^^^^^^^^^^^^^^^^
    |
    = note: this pattern will always match, so the `if let` is useless
    = help: consider replacing the `if let` with a `let`

warning: unused variable: `window_weak`
  --> src/ui/font_manager_window.rs:24:13
   |
24 |         let window_weak = self.window.as_weak();
   |             ^^^^^^^^^^^ help: if this is intentional, prefix it with an underscore: `_window_weak`

Some errors have detailed explanations: E0412, E0422, E0433.
For more information about an error, try `rustc --explain E0412`.
warning: `herding-cats-rust` (lib) generated 74 warnings
warning: herding-cats-rust@0.50.0: Found 26 Slint files to compile
warning: herding-cats-rust@0.50.0: Processing: src/ui/codex_window.slint
warning: herding-cats-rust@0.50.0: Processing: src/ui/styles.slint
warning: herding-cats-rust@0.50.0: Processing: src/ui/font_manager_ui.slint
warning: herding-cats-rust@0.50.0: Processing: src/ui/project_selector.slint
warning: herding-cats-rust@0.50.0: Processing: src/ui/main_window_comprehensive.slint
warning: herding-cats-rust@0.50.0: Processing: src/ui/hierarchy_window.slint
warning: herding-cats-rust@0.50.0: Processing: src/ui/components/status_bar.slint
warning: herding-cats-rust@0.50.0: Processing: src/ui/components/ai_settings_popup.slint
warning: herding-cats-rust@0.50.0: Processing: src/ui/components/menu_dropdowns.slint
warning: herding-cats-rust@0.50.0: Processing: src/ui/components/menu_button.slint
warning: herding-cats-rust@0.50.0: Processing: src/ui/components/menu_bar.slint
warning: herding-cats-rust@0.50.0: Processing: src/ui/components/title_bar.slint
warning: herding-cats-rust@0.50.0: Processing: src/ui/components/toolbar_button.slint
warning: herding-cats-rust@0.50.0: Processing: src/ui/components/ribbon_toolbar.slint
warning: herding-cats-rust@0.50.0: Processing: src/ui/components/document_editor.slint
warning: herding-cats-rust@0.50.0: Processing: src/ui/writing_tools/structure_tool.slint
warning: herding-cats-rust@0.50.0: Processing: src/ui/writing_tools/brainstorming_tool.slint
warning: herding-cats-rust@0.50.0: Processing: src/ui/writing_tools/hierarchy_tool.slint
warning: herding-cats-rust@0.50.0: Processing: src/ui/writing_tools/research_tool.slint
warning: herding-cats-rust@0.50.0: Processing: src/ui/writing_tools/codex_tool.slint
warning: herding-cats-rust@0.50.0: Processing: src/ui/writing_tools/plot_tool.slint
warning: herding-cats-rust@0.50.0: Processing: src/ui/writing_tools/analysis_tool.slint
warning: herding-cats-rust@0.50.0: Processing: src/ui/writing_tools/notes_tool.slint
warning: herding-cats-rust@0.50.0: Processing: src/ui/writing_tools_enhanced.slint
warning: herding-cats-rust@0.50.0: Processing: src/ui/all_modules.slint
warning: herding-cats-rust@0.50.0: Processing: src/ui/universal_tools_ui.slint
warning: herding-cats-rust@0.50.0: Slint files detected - compilation will be handled by slint macros
warning: herding-cats-rust@0.50.0: padding only has effect on layout elements
warning: herding-cats-rust@0.50.0:    --> /Users/rkt/Documents/Herding-Cats-Rust/src/ui/writing_tools/analysis_tool.slint:102:26
warning: herding-cats-rust@0.50.0:     |
warning: herding-cats-rust@0.50.0: 102 |                 padding: 10px;
warning: herding-cats-rust@0.50.0:     |                          ^
warning: herding-cats-rust@0.50.0: padding only has effect on layout elements
warning: herding-cats-rust@0.50.0:    --> /Users/rkt/Documents/Herding-Cats-Rust/src/ui/writing_tools/analysis_tool.slint:129:26
warning: herding-cats-rust@0.50.0:     |
warning: herding-cats-rust@0.50.0: 129 |                 padding: 10px;
warning: herding-cats-rust@0.50.0:     |                          ^
warning: herding-cats-rust@0.50.0: padding only has effect on layout elements
warning: herding-cats-rust@0.50.0:    --> /Users/rkt/Documents/Herding-Cats-Rust/src/ui/writing_tools/analysis_tool.slint:156:26
warning: herding-cats-rust@0.50.0:     |
warning: herding-cats-rust@0.50.0: 156 |                 padding: 10px;
warning: herding-cats-rust@0.50.0:     |                          ^
warning: herding-cats-rust@0.50.0: padding only has effect on layout elements
warning: herding-cats-rust@0.50.0:    --> /Users/rkt/Documents/Herding-Cats-Rust/src/ui/writing_tools/analysis_tool.slint:183:26
warning: herding-cats-rust@0.50.0:     |
warning: herding-cats-rust@0.50.0: 183 |                 padding: 10px;
warning: herding-cats-rust@0.50.0:     |                          ^
warning: herding-cats-rust@0.50.0: padding only has effect on layout elements
warning: herding-cats-rust@0.50.0:    --> /Users/rkt/Documents/Herding-Cats-Rust/src/ui/writing_tools/brainstorming_tool.slint:147:34
warning: herding-cats-rust@0.50.0:     |
warning: herding-cats-rust@0.50.0: 147 |                         padding: 12px;
warning: herding-cats-rust@0.50.0:     |                                  ^
warning: herding-cats-rust@0.50.0: padding only has effect on layout elements
warning: herding-cats-rust@0.50.0:    --> /Users/rkt/Documents/Herding-Cats-Rust/src/ui/writing_tools/brainstorming_tool.slint:202:34
warning: herding-cats-rust@0.50.0:     |
warning: herding-cats-rust@0.50.0: 202 |                         padding: 12px;
warning: herding-cats-rust@0.50.0:     |                                  ^
warning: herding-cats-rust@0.50.0: padding only has effect on layout elements
warning: herding-cats-rust@0.50.0:    --> /Users/rkt/Documents/Herding-Cats-Rust/src/ui/writing_tools/brainstorming_tool.slint:249:34
warning: herding-cats-rust@0.50.0:     |
warning: herding-cats-rust@0.50.0: 249 |                         padding: 12px;
warning: herding-cats-rust@0.50.0:     |                                  ^
warning: herding-cats-rust@0.50.0: padding only has effect on layout elements
warning: herding-cats-rust@0.50.0:    --> /Users/rkt/Documents/Herding-Cats-Rust/src/ui/writing_tools/brainstorming_tool.slint:296:34
warning: herding-cats-rust@0.50.0:     |
warning: herding-cats-rust@0.50.0: 296 |                         padding: 12px;
warning: herding-cats-rust@0.50.0:     |                                  ^
warning: herding-cats-rust@0.50.0: padding only has effect on layout elements
warning: herding-cats-rust@0.50.0:    --> /Users/rkt/Documents/Herding-Cats-Rust/src/ui/writing_tools/brainstorming_tool.slint:343:34
warning: herding-cats-rust@0.50.0:     |
warning: herding-cats-rust@0.50.0: 343 |                         padding: 12px;
warning: herding-cats-rust@0.50.0:     |                                  ^
warning: herding-cats-rust@0.50.0: padding only has effect on layout elements
warning: herding-cats-rust@0.50.0:    --> /Users/rkt/Documents/Herding-Cats-Rust/src/ui/writing_tools/brainstorming_tool.slint:392:26
warning: herding-cats-rust@0.50.0:     |
warning: herding-cats-rust@0.50.0: 392 |                 padding: 15px;
warning: herding-cats-rust@0.50.0:     |                          ^
warning: herding-cats-rust@0.50.0: padding only has effect on layout elements
warning: herding-cats-rust@0.50.0:    --> /Users/rkt/Documents/Herding-Cats-Rust/src/ui/writing_tools/brainstorming_tool.slint:477:26
warning: herding-cats-rust@0.50.0:     |
warning: herding-cats-rust@0.50.0: 477 |                 padding: 10px;
warning: herding-cats-rust@0.50.0:     |                          ^
warning: herding-cats-rust@0.50.0: padding only has effect on layout elements
warning: herding-cats-rust@0.50.0:    --> /Users/rkt/Documents/Herding-Cats-Rust/src/ui/codex_window.slint:159:34
warning: herding-cats-rust@0.50.0:     |
warning: herding-cats-rust@0.50.0: 159 |                         padding: 15px;
warning: herding-cats-rust@0.50.0:     |                                  ^
warning: herding-cats-rust@0.50.0: padding only has effect on layout elements
warning: herding-cats-rust@0.50.0:    --> /Users/rkt/Documents/Herding-Cats-Rust/src/ui/codex_window.slint:222:34
warning: herding-cats-rust@0.50.0:     |
warning: herding-cats-rust@0.50.0: 222 |                         padding: 15px;
warning: herding-cats-rust@0.50.0:     |                                  ^
warning: herding-cats-rust@0.50.0: padding only has effect on layout elements
warning: herding-cats-rust@0.50.0:    --> /Users/rkt/Documents/Herding-Cats-Rust/src/ui/hierarchy_window.slint:130:34
warning: herding-cats-rust@0.50.0:     |
warning: herding-cats-rust@0.50.0: 130 |                         padding: 12px;
warning: herding-cats-rust@0.50.0:     |                                  ^
warning: herding-cats-rust@0.50.0: padding only has effect on layout elements
warning: herding-cats-rust@0.50.0:    --> /Users/rkt/Documents/Herding-Cats-Rust/src/ui/hierarchy_window.slint:166:34
warning: herding-cats-rust@0.50.0:     |
warning: herding-cats-rust@0.50.0: 166 |                         padding: 12px;
warning: herding-cats-rust@0.50.0:     |                                  ^
warning: herding-cats-rust@0.50.0: padding only has effect on layout elements
warning: herding-cats-rust@0.50.0:    --> /Users/rkt/Documents/Herding-Cats-Rust/src/ui/hierarchy_window.slint:202:34
warning: herding-cats-rust@0.50.0:     |
warning: herding-cats-rust@0.50.0: 202 |                         padding: 12px;
warning: herding-cats-rust@0.50.0:     |                                  ^
warning: herding-cats-rust@0.50.0: padding only has effect on layout elements
warning: herding-cats-rust@0.50.0:    --> /Users/rkt/Documents/Herding-Cats-Rust/src/ui/writing_tools/notes_tool.slint:153:26
warning: herding-cats-rust@0.50.0:     |
warning: herding-cats-rust@0.50.0: 153 |                 padding: 8px;
warning: herding-cats-rust@0.50.0:     |                          ^
warning: herding-cats-rust@0.50.0: padding only has effect on layout elements
warning: herding-cats-rust@0.50.0:    --> /Users/rkt/Documents/Herding-Cats-Rust/src/ui/writing_tools/research_tool.slint:118:30
warning: herding-cats-rust@0.50.0:     |
warning: herding-cats-rust@0.50.0: 118 |                     padding: 12px;
warning: herding-cats-rust@0.50.0:     |                              ^
warning: herding-cats-rust@0.50.0: padding only has effect on layout elements
warning: herding-cats-rust@0.50.0:    --> /Users/rkt/Documents/Herding-Cats-Rust/src/ui/writing_tools/research_tool.slint:156:30
warning: herding-cats-rust@0.50.0:     |
warning: herding-cats-rust@0.50.0: 156 |                     padding: 12px;
warning: herding-cats-rust@0.50.0:     |                              ^
warning: herding-cats-rust@0.50.0: padding only has effect on layout elements
warning: herding-cats-rust@0.50.0:    --> /Users/rkt/Documents/Herding-Cats-Rust/src/ui/writing_tools/structure_tool.slint:100:22
warning: herding-cats-rust@0.50.0:     |
warning: herding-cats-rust@0.50.0: 100 |             padding: 12px;
warning: herding-cats-rust@0.50.0:     |                      ^
warning: herding-cats-rust@0.50.0: padding only has effect on layout elements
warning: herding-cats-rust@0.50.0:    --> /Users/rkt/Documents/Herding-Cats-Rust/src/ui/writing_tools/structure_tool.slint:127:30
warning: herding-cats-rust@0.50.0:     |
warning: herding-cats-rust@0.50.0: 127 |                     padding: 12px;
warning: herding-cats-rust@0.50.0:     |                              ^
warning: herding-cats-rust@0.50.0: padding only has effect on layout elements
warning: herding-cats-rust@0.50.0:    --> /Users/rkt/Documents/Herding-Cats-Rust/src/ui/writing_tools/structure_tool.slint:165:30
warning: herding-cats-rust@0.50.0:     |
warning: herding-cats-rust@0.50.0: 165 |                     padding: 12px;
warning: herding-cats-rust@0.50.0:     |                              ^
error: could not compile `herding-cats-rust` (lib) due to 320 previous errors; 74 warnings emitted
